Archive member included to satisfy reference by file (symbol)

/Applications/VEXcode V5 Text.app/Contents/Resources/sdk/vexv5/libv5rt.a(v5_startup.c.obj)
                              (vexStartup)
/Applications/VEXcode V5 Text.app/Contents/Resources/sdk/vexv5/libv5rt.a(v5_util.c.obj)
                              /Applications/VEXcode V5 Text.app/Contents/Resources/sdk/vexv5/libv5rt.a(v5_startup.c.obj) (vexStdlibVersionLinked)
/Applications/VEXcode V5 Text.app/Contents/Resources/sdk/vexv5/libv5rt.a(v5_apijump.c.obj)
                              /Applications/VEXcode V5 Text.app/Contents/Resources/sdk/vexv5/libv5rt.a(v5_startup.c.obj) (vexPrivateApiEnable)
/Applications/VEXcode V5 Text.app/Contents/Resources/sdk/vexv5/libv5rt.a(v5_apiversions.c.obj)
                              /Applications/VEXcode V5 Text.app/Contents/Resources/sdk/vexv5/libv5rt.a(v5_apijump.c.obj) (vexSystemVersion)
/Applications/VEXcode V5 Text.app/Contents/Resources/sdk/vexv5/libv5rt.a(vex_global.cpp.obj)
                              build/src/screen.o (vex::transparent)
/Applications/VEXcode V5 Text.app/Contents/Resources/sdk/vexv5/libv5rt.a(vex_motor.cpp.obj)
                              build/src/robot-config.o (vex::motor::~motor())
/Applications/VEXcode V5 Text.app/Contents/Resources/sdk/vexv5/libv5rt.a(vex_controller.cpp.obj)
                              build/src/robot-config.o (vex::controller::~controller())
/Applications/VEXcode V5 Text.app/Contents/Resources/sdk/vexv5/libv5rt.a(vex_task.cpp.obj)
                              build/src/autonomous.o (vex::task::sleep(unsigned long))
/Applications/VEXcode V5 Text.app/Contents/Resources/sdk/vexv5/libv5rt.a(vex_thread.cpp.obj)
                              build/src/controller.o (vex::thread::thread(int (*)()))
/Applications/VEXcode V5 Text.app/Contents/Resources/sdk/vexv5/libv5rt.a(vex_event.cpp.obj)
                              /Applications/VEXcode V5 Text.app/Contents/Resources/sdk/vexv5/libv5rt.a(vex_controller.cpp.obj) (vex::event::init(unsigned long, unsigned long, void (*)()))
/Applications/VEXcode V5 Text.app/Contents/Resources/sdk/vexv5/libv5rt.a(vex_mevent.cpp.obj)
                              /Applications/VEXcode V5 Text.app/Contents/Resources/sdk/vexv5/libv5rt.a(vex_controller.cpp.obj) (vex::mevent::mevent(unsigned long, unsigned long))
/Applications/VEXcode V5 Text.app/Contents/Resources/sdk/vexv5/libv5rt.a(vex_brain.cpp.obj)
                              build/src/robot-config.o (vex::brain::~brain())
/Applications/VEXcode V5 Text.app/Contents/Resources/sdk/vexv5/libv5rt.a(vex_competition.cpp.obj)
                              build/src/robot-config.o (vex::competition::competition())
/Applications/VEXcode V5 Text.app/Contents/Resources/sdk/vexv5/libv5rt.a(vex_triport.cpp.obj)
                              /Applications/VEXcode V5 Text.app/Contents/Resources/sdk/vexv5/libv5rt.a(vex_brain.cpp.obj) (vex::triport::~triport())
/Applications/VEXcode V5 Text.app/Contents/Resources/sdk/vexv5/libv5rt.a(vex_color.cpp.obj)
                              /Applications/VEXcode V5 Text.app/Contents/Resources/sdk/vexv5/libv5rt.a(vex_brain.cpp.obj) (vex::color::operator unsigned long() const)
/Applications/VEXcode V5 Text.app/Contents/Resources/sdk/vexv5/libv5rt.a(vex_timer.cpp.obj)
                              /Applications/VEXcode V5 Text.app/Contents/Resources/sdk/vexv5/libv5rt.a(vex_brain.cpp.obj) (vex::timer::~timer())
/Applications/VEXcode V5 Text.app/Contents/Resources/sdk/vexv5/libv5rt.a(v5_apiuser.c.obj)
                              /Applications/VEXcode V5 Text.app/Contents/Resources/sdk/vexv5/libv5rt.a(vex_triport.cpp.obj) (vexAdiPortConfigSet)
/Applications/VEXcode V5 Text.app/Contents/Resources/sdk/vexv5/libv5rt.a(vex_device.cpp.obj)
                              /Applications/VEXcode V5 Text.app/Contents/Resources/sdk/vexv5/libv5rt.a(vex_triport.cpp.obj) (vex::device::value())
/Applications/VEXcode V5 Text.app/Contents/Resources/sdk/vexv5/gcc/libs/libc.a(lib_a-fini.o)
                              /Applications/VEXcode V5 Text.app/Contents/Resources/sdk/vexv5/libv5rt.a(v5_startup.c.obj) (__libc_fini_array)
/Applications/VEXcode V5 Text.app/Contents/Resources/sdk/vexv5/gcc/libs/libc.a(lib_a-impure.o)
                              /Applications/VEXcode V5 Text.app/Contents/Resources/sdk/vexv5/libv5rt.a(v5_startup.c.obj) (_impure_ptr)
/Applications/VEXcode V5 Text.app/Contents/Resources/sdk/vexv5/gcc/libs/libc.a(lib_a-init.o)
                              /Applications/VEXcode V5 Text.app/Contents/Resources/sdk/vexv5/libv5rt.a(v5_startup.c.obj) (__libc_init_array)
/Applications/VEXcode V5 Text.app/Contents/Resources/sdk/vexv5/gcc/libs/libc.a(lib_a-rand.o)
                              build/src/screen.o (rand)
/Applications/VEXcode V5 Text.app/Contents/Resources/sdk/vexv5/gcc/libs/libc.a(lib_a-tolower.o)
                              /Applications/VEXcode V5 Text.app/Contents/Resources/sdk/vexv5/libv5rt.a(vex_brain.cpp.obj) (tolower)
[...]
Memory Configuration

Name             Origin             Length             Attributes
ps7_ddr_0_S_AXI_BASEADDR 0x0000000003800000 0x0000000004800000
*default*        0x0000000000000000 0xffffffffffffffff

Linker script and memory map

                0x0000000000002000                _STACK_SIZE = DEFINED (_STACK_SIZE)?_STACK_SIZE:0x2000
                0x0000000000100000                _HEAP_SIZE = DEFINED (_HEAP_SIZE)?_HEAP_SIZE:0x100000
                0x0000000000000400                _ABORT_STACK_SIZE = DEFINED (_ABORT_STACK_SIZE)?_ABORT_STACK_SIZE:0x400
                0x0000000000000800                _SUPERVISOR_STACK_SIZE = DEFINED (_SUPERVISOR_STACK_SIZE)?_SUPERVISOR_STACK_SIZE:0x800
                0x0000000000000400                _IRQ_STACK_SIZE = DEFINED (_IRQ_STACK_SIZE)?_IRQ_STACK_SIZE:0x400
                0x0000000000000400                _FIQ_STACK_SIZE = DEFINED (_FIQ_STACK_SIZE)?_FIQ_STACK_SIZE:0x400
                0x0000000000000400                _UNDEF_STACK_SIZE = DEFINED (_UNDEF_STACK_SIZE)?_UNDEF_STACK_SIZE:0x400

.text           0x0000000003800000     0x4538
 *(.vectors)
 *(.boot_data)
 .boot_data     0x0000000003800000       0x20 /Applications/VEXcode V5 Text.app/Contents/Resources/sdk/vexv5/libv5rt.a(v5_startup.c.obj)
                0x0000000003800000                vexCodeSig
                0x0000000000000020                . = 0x20
 *(.boot)
 .boot          0x0000000003800020       0xbc /Applications/VEXcode V5 Text.app/Contents/Resources/sdk/vexv5/libv5rt.a(v5_startup.c.obj)
                0x0000000003800020                vexStartup
                0x0000000003800100                . = ALIGN (0x40)
 *fill*         0x00000000038000dc       0x24 
 *(.freertos_vectors)
 *(.text)
 *(.text.*)
 .text._ZN3Arm11getInstanceEv
                0x0000000003800100       0x24 build/src/arm.o
                0x0000000003800100                Arm::getInstance()
 *fill*         0x0000000003800124        0x4 
 .text._ZN3Arm9calcValueEv
                0x0000000003800128       0x80 build/src/arm.o
                0x0000000003800128                Arm::calcValue()
 .text._ZN3Arm4moveEv
                0x00000000038001a8       0x60 build/src/arm.o
                0x00000000038001a8                Arm::move()
 .text._ZN3Arm8lowTowerEv
                0x0000000003800208       0x4c build/src/arm.o
                0x0000000003800208                Arm::lowTower()
 .text._ZN3Arm9highTowerEv
                0x0000000003800254       0x4c build/src/arm.o
                0x0000000003800254                Arm::highTower()
 .text._ZN3Arm6toZeroEv
                0x00000000038002a0       0x48 build/src/arm.o
                0x00000000038002a0                Arm::toZero()
 .text._Z13autonRedFrontv
                0x00000000038002e8      0x140 build/src/autonomous.o
                0x00000000038002e8                autonRedFront()
 .text._Z12autonRedBackv
                0x0000000003800428      0x118 build/src/autonomous.o
                0x0000000003800428                autonRedBack()
 .text._Z14autonBlueFrontv
                0x0000000003800540        0x4 build/src/autonomous.o
                0x0000000003800540                autonBlueFront()
 .text._Z13autonBlueBackv
                0x0000000003800544        0x4 build/src/autonomous.o
                0x0000000003800544                autonBlueBack()
 .text._Z5btnL1v
                0x0000000003800548       0xa4 build/src/controller.o
                0x0000000003800548                btnL1()
 .text._Z5btnL2v
                0x00000000038005ec       0xa4 build/src/controller.o
                0x00000000038005ec                btnL2()
 .text._Z5slidev
                0x0000000003800690       0xd8 build/src/controller.o
                0x0000000003800690                slide()
 .text._Z8joyStickv
                0x0000000003800768      0x210 build/src/controller.o
                0x0000000003800768                joyStick()
 .text._Z5btnUpv
                0x0000000003800978       0xa4 build/src/controller.o
                0x0000000003800978                btnUp()
 .text._Z5btnRtv
                0x0000000003800a1c       0xa4 build/src/controller.o
                0x0000000003800a1c                btnRt()
 .text._Z12startThreadsv
                0x0000000003800ac0       0xd0 build/src/controller.o
                0x0000000003800ac0                startThreads()
 .text._Z11userControlv
                0x0000000003800b90       0x18 build/src/controller.o
                0x0000000003800b90                userControl()
 .text._ZN10DriveTrain11getInstanceEv
                0x0000000003800ba8       0x24 build/src/driveTrain.o
                0x0000000003800ba8                DriveTrain::getInstance()
 .text._ZN10DriveTrain13setDrivePowerEi
                0x0000000003800bcc       0x94 build/src/driveTrain.o
                0x0000000003800bcc                DriveTrain::setDrivePower(int)
 .text._ZN10DriveTrain8turnLeftEi
                0x0000000003800c60       0xb0 build/src/driveTrain.o
                0x0000000003800c60                DriveTrain::turnLeft(int)
 .text._ZN10DriveTrain9turnRightEi
                0x0000000003800d10       0xb0 build/src/driveTrain.o
                0x0000000003800d10                DriveTrain::turnRight(int)
 .text._ZN10DriveTrain4stopEv
                0x0000000003800dc0       0x3c build/src/driveTrain.o
                0x0000000003800dc0                DriveTrain::stop()
 .text._ZN6Intake11getInstanceEv
                0x0000000003800dfc       0x3c build/src/intake.o
                0x0000000003800dfc                Intake::getInstance()
 .text._ZN6Intake11updateStateEv
                0x0000000003800e38       0xe8 build/src/intake.o
                0x0000000003800e38                Intake::updateState()
 .text._ZN6Intake7nextPosEv
                0x0000000003800f20       0x18 build/src/intake.o
                0x0000000003800f20                Intake::nextPos()
 .text._ZN6Intake7prevPosEv
                0x0000000003800f38       0x18 build/src/intake.o
                0x0000000003800f38                Intake::prevPos()
 .text._ZN6Intake6setPosEi
                0x0000000003800f50        0x8 build/src/intake.o
                0x0000000003800f50                Intake::setPos(int)
 .text.main     0x0000000003800f58       0x64 build/src/main.o
                0x0000000003800f58                main
 .text._GLOBAL__sub_I_robot_config.cpp
                0x0000000003800fbc      0x22c build/src/robot-config.o
 .text._ZN11SetUpScreen11displayMainEv
                0x00000000038011e8      0x2d8 build/src/screen.o
                0x00000000038011e8                SetUpScreen::displayMain()
 .text._ZN11SetUpScreen12waitForInputEi
                0x00000000038014c0      0x500 build/src/screen.o
                0x00000000038014c0                SetUpScreen::waitForInput(int)
 .text._Z10autonomousv
                0x00000000038019c0       0x80 build/src/screen.o
                0x00000000038019c0                autonomous()
 .text._Z18displayFinalScreenv
                0x0000000003801a40       0xd0 build/src/screen.o
                0x0000000003801a40                displayFinalScreen()
 .text._Z9pre_autonv
                0x0000000003801b10       0x40 build/src/screen.o
                0x0000000003801b10                pre_auton()
 .text.vexMain  0x0000000003801b50       0xb0 /Applications/VEXcode V5 Text.app/Contents/Resources/sdk/vexv5/libv5rt.a(v5_startup.c.obj)
                0x0000000003801b50                vexMain
 .text.__vex_function_prolog
                0x0000000003801c00       0x18 /Applications/VEXcode V5 Text.app/Contents/Resources/sdk/vexv5/libv5rt.a(v5_startup.c.obj)
                0x0000000003801c00                __vex_function_prolog
 .text._init    0x0000000003801c18        0x4 /Applications/VEXcode V5 Text.app/Contents/Resources/sdk/vexv5/libv5rt.a(v5_startup.c.obj)
                0x0000000003801c18                _init
 .text._fini    0x0000000003801c1c        0x4 /Applications/VEXcode V5 Text.app/Contents/Resources/sdk/vexv5/libv5rt.a(v5_startup.c.obj)
                0x0000000003801c1c                _fini
 .text.vexStdlibVersionLinked
                0x0000000003801c20        0xc /Applications/VEXcode V5 Text.app/Contents/Resources/sdk/vexv5/libv5rt.a(v5_util.c.obj)
                0x0000000003801c20                vexStdlibVersionLinked
 .text.vexStdlibVersionVerify
                0x0000000003801c2c       0x30 /Applications/VEXcode V5 Text.app/Contents/Resources/sdk/vexv5/libv5rt.a(v5_util.c.obj)
                0x0000000003801c2c                vexStdlibVersionVerify
 .text.vexPrivateApiEnable
                0x0000000003801c5c       0x10 /Applications/VEXcode V5 Text.app/Contents/Resources/sdk/vexv5/libv5rt.a(v5_apijump.c.obj)
                0x0000000003801c5c                vexPrivateApiEnable
 .text.vexStdlibMismatchError
                0x0000000003801c6c       0x3c /Applications/VEXcode V5 Text.app/Contents/Resources/sdk/vexv5/libv5rt.a(v5_apijump.c.obj)
                0x0000000003801c6c                vexStdlibMismatchError
 .text.vexScratchMemoryPtr
                0x0000000003801ca8       0x30 /Applications/VEXcode V5 Text.app/Contents/Resources/sdk/vexv5/libv5rt.a(v5_apijump.c.obj)
                0x0000000003801ca8                vexScratchMemoryPtr
 .text.vexTaskAdd
                0x0000000003801cd8       0x10 /Applications/VEXcode V5 Text.app/Contents/Resources/sdk/vexv5/libv5rt.a(v5_apijump.c.obj)
                0x0000000003801cd8                vexTaskAdd
 .text.vexTaskStop
                0x0000000003801ce8       0x10 /Applications/VEXcode V5 Text.app/Contents/Resources/sdk/vexv5/libv5rt.a(v5_apijump.c.obj)
                0x0000000003801ce8                vexTaskStop
 .text.vexTasksRun
                0x0000000003801cf8       0x10 /Applications/VEXcode V5 Text.app/Contents/Resources/sdk/vexv5/libv5rt.a(v5_apijump.c.obj)
                0x0000000003801cf8                vexTasksRun
 .text.vexTaskYield
                0x0000000003801d08       0x10 /Applications/VEXcode V5 Text.app/Contents/Resources/sdk/vexv5/libv5rt.a(v5_apijump.c.obj)
                0x0000000003801d08                vexTaskYield
 .text.vexTaskCheckTimeslice
                0x0000000003801d18       0x10 /Applications/VEXcode V5 Text.app/Contents/Resources/sdk/vexv5/libv5rt.a(v5_apijump.c.obj)
                0x0000000003801d18                vexTaskCheckTimeslice
 .text.vexTaskSleep
                0x0000000003801d28       0x10 /Applications/VEXcode V5 Text.app/Contents/Resources/sdk/vexv5/libv5rt.a(v5_apijump.c.obj)
                0x0000000003801d28                vexTaskSleep
 .text.vexTasksDump
                0x0000000003801d38       0x1c /Applications/VEXcode V5 Text.app/Contents/Resources/sdk/vexv5/libv5rt.a(v5_apijump.c.obj)
                0x0000000003801d38                vexTasksDump
 .text.vexTaskGetTaskIndex
                0x0000000003801d54       0x10 /Applications/VEXcode V5 Text.app/Contents/Resources/sdk/vexv5/libv5rt.a(v5_apijump.c.obj)
                0x0000000003801d54                vexTaskGetTaskIndex
 .text.vexTaskStopAll
                0x0000000003801d64       0x10 /Applications/VEXcode V5 Text.app/Contents/Resources/sdk/vexv5/libv5rt.a(v5_apijump.c.obj)
                0x0000000003801d64                vexTaskStopAll
 .text.vexTaskRemoveAllUser
                0x0000000003801d74       0x34 /Applications/VEXcode V5 Text.app/Contents/Resources/sdk/vexv5/libv5rt.a(v5_apijump.c.obj)
                0x0000000003801d74                vexTaskRemoveAllUser
 .text.vexTaskCompletionIdSet
                0x0000000003801da8       0x10 /Applications/VEXcode V5 Text.app/Contents/Resources/sdk/vexv5/libv5rt.a(v5_apijump.c.obj)
                0x0000000003801da8                vexTaskCompletionIdSet
 .text.vexCriticalSection
                0x0000000003801db8       0x2c /Applications/VEXcode V5 Text.app/Contents/Resources/sdk/vexv5/libv5rt.a(v5_apijump.c.obj)
                0x0000000003801db8                vexCriticalSection
 .text.vexEventAdd
                0x0000000003801de4       0x34 /Applications/VEXcode V5 Text.app/Contents/Resources/sdk/vexv5/libv5rt.a(v5_apijump.c.obj)
                0x0000000003801de4                vexEventAdd
 .text.vexEventUserIndexGet
                0x0000000003801e18       0x1c /Applications/VEXcode V5 Text.app/Contents/Resources/sdk/vexv5/libv5rt.a(v5_apijump.c.obj)
                0x0000000003801e18                vexEventUserIndexGet
 .text.vexEventAddWithArg
                0x0000000003801e34       0x3c /Applications/VEXcode V5 Text.app/Contents/Resources/sdk/vexv5/libv5rt.a(v5_apijump.c.obj)
                0x0000000003801e34                vexEventAddWithArg
 .text.vexEventsCleanup
                0x0000000003801e70       0x2c /Applications/VEXcode V5 Text.app/Contents/Resources/sdk/vexv5/libv5rt.a(v5_apijump.c.obj)
                0x0000000003801e70                vexEventsCleanup
 .text.vexDebug
                0x0000000003801e9c       0x38 /Applications/VEXcode V5 Text.app/Contents/Resources/sdk/vexv5/libv5rt.a(v5_apijump.c.obj)
                0x0000000003801e9c                vexDebug
 .text.vex_sprintf
                0x0000000003801ed4       0x40 /Applications/VEXcode V5 Text.app/Contents/Resources/sdk/vexv5/libv5rt.a(v5_apijump.c.obj)
                0x0000000003801ed4                vex_sprintf
 .text.vex_vsnprintf
                0x0000000003801f14       0x3c /Applications/VEXcode V5 Text.app/Contents/Resources/sdk/vexv5/libv5rt.a(v5_apijump.c.obj)
                0x0000000003801f14                vex_vsnprintf
 .text.vexSystemTimeGet
                0x0000000003801f50       0x1c /Applications/VEXcode V5 Text.app/Contents/Resources/sdk/vexv5/libv5rt.a(v5_apijump.c.obj)
                0x0000000003801f50                vexSystemTimeGet
 .text.vexSystemExitRequest
                0x0000000003801f6c       0x1c /Applications/VEXcode V5 Text.app/Contents/Resources/sdk/vexv5/libv5rt.a(v5_apijump.c.obj)
                0x0000000003801f6c                vexSystemExitRequest
 .text.vexDeviceGetByIndex
                0x0000000003801f88       0x24 /Applications/VEXcode V5 Text.app/Contents/Resources/sdk/vexv5/libv5rt.a(v5_apijump.c.obj)
                0x0000000003801f88                vexDeviceGetByIndex
 .text.vexControllerGet
                0x0000000003801fac       0x2c /Applications/VEXcode V5 Text.app/Contents/Resources/sdk/vexv5/libv5rt.a(v5_apijump.c.obj)
                0x0000000003801fac                vexControllerGet
 .text.vexDeviceAdiPortConfigSet
                0x0000000003801fd8       0x34 /Applications/VEXcode V5 Text.app/Contents/Resources/sdk/vexv5/libv5rt.a(v5_apijump.c.obj)
                0x0000000003801fd8                vexDeviceAdiPortConfigSet
 .text.vexDeviceMotorVelocitySet
                0x000000000380200c       0x2c /Applications/VEXcode V5 Text.app/Contents/Resources/sdk/vexv5/libv5rt.a(v5_apijump.c.obj)
                0x000000000380200c                vexDeviceMotorVelocitySet
 .text.vexDeviceMotorActualVelocityGet
                0x0000000003802038       0x24 /Applications/VEXcode V5 Text.app/Contents/Resources/sdk/vexv5/libv5rt.a(v5_apijump.c.obj)
                0x0000000003802038                vexDeviceMotorActualVelocityGet
 .text.vexDeviceMotorZeroPositionFlagGet
                0x000000000380205c       0x24 /Applications/VEXcode V5 Text.app/Contents/Resources/sdk/vexv5/libv5rt.a(v5_apijump.c.obj)
                0x000000000380205c                vexDeviceMotorZeroPositionFlagGet
 .text.vexDeviceMotorReverseFlagSet
                0x0000000003802080       0x2c /Applications/VEXcode V5 Text.app/Contents/Resources/sdk/vexv5/libv5rt.a(v5_apijump.c.obj)
                0x0000000003802080                vexDeviceMotorReverseFlagSet
 .text.vexDeviceMotorEncoderUnitsSet
                0x00000000038020ac       0x2c /Applications/VEXcode V5 Text.app/Contents/Resources/sdk/vexv5/libv5rt.a(v5_apijump.c.obj)
                0x00000000038020ac                vexDeviceMotorEncoderUnitsSet
 .text.vexDeviceMotorBrakeModeSet
                0x00000000038020d8       0x2c /Applications/VEXcode V5 Text.app/Contents/Resources/sdk/vexv5/libv5rt.a(v5_apijump.c.obj)
                0x00000000038020d8                vexDeviceMotorBrakeModeSet
 .text.vexDeviceMotorPositionSet
                0x0000000003802104       0x34 /Applications/VEXcode V5 Text.app/Contents/Resources/sdk/vexv5/libv5rt.a(v5_apijump.c.obj)
                0x0000000003802104                vexDeviceMotorPositionSet
 .text.vexDeviceMotorPositionGet
                0x0000000003802138       0x24 /Applications/VEXcode V5 Text.app/Contents/Resources/sdk/vexv5/libv5rt.a(v5_apijump.c.obj)
                0x0000000003802138                vexDeviceMotorPositionGet
 .text.vexDeviceMotorAbsoluteTargetSet
                0x000000000380215c       0x3c /Applications/VEXcode V5 Text.app/Contents/Resources/sdk/vexv5/libv5rt.a(v5_apijump.c.obj)
                0x000000000380215c                vexDeviceMotorAbsoluteTargetSet
 .text.vexDeviceMotorRelativeTargetSet
                0x0000000003802198       0x3c /Applications/VEXcode V5 Text.app/Contents/Resources/sdk/vexv5/libv5rt.a(v5_apijump.c.obj)
                0x0000000003802198                vexDeviceMotorRelativeTargetSet
 .text.vexDeviceMotorGearingSet
                0x00000000038021d4       0x2c /Applications/VEXcode V5 Text.app/Contents/Resources/sdk/vexv5/libv5rt.a(v5_apijump.c.obj)
                0x00000000038021d4                vexDeviceMotorGearingSet
 .text.vexDeviceMotorGearingGet
                0x0000000003802200       0x24 /Applications/VEXcode V5 Text.app/Contents/Resources/sdk/vexv5/libv5rt.a(v5_apijump.c.obj)
                0x0000000003802200                vexDeviceMotorGearingGet
 .text.vexDisplayForegroundColor
                0x0000000003802224       0x24 /Applications/VEXcode V5 Text.app/Contents/Resources/sdk/vexv5/libv5rt.a(v5_apijump.c.obj)
                0x0000000003802224                vexDisplayForegroundColor
 .text.vexDisplayBackgroundColor
                0x0000000003802248       0x24 /Applications/VEXcode V5 Text.app/Contents/Resources/sdk/vexv5/libv5rt.a(v5_apijump.c.obj)
                0x0000000003802248                vexDisplayBackgroundColor
 .text.vexDisplayBackgroundColorGet
                0x000000000380226c       0x1c /Applications/VEXcode V5 Text.app/Contents/Resources/sdk/vexv5/libv5rt.a(v5_apijump.c.obj)
                0x000000000380226c                vexDisplayBackgroundColorGet
 .text.vexDisplayCopyRect
                0x0000000003802288       0x5c /Applications/VEXcode V5 Text.app/Contents/Resources/sdk/vexv5/libv5rt.a(v5_apijump.c.obj)
                0x0000000003802288                vexDisplayCopyRect
 .text.vexDisplayRectDraw
                0x00000000038022e4       0x4c /Applications/VEXcode V5 Text.app/Contents/Resources/sdk/vexv5/libv5rt.a(v5_apijump.c.obj)
                0x00000000038022e4                vexDisplayRectDraw
 .text.vexDisplayRectClear
                0x0000000003802330       0x4c /Applications/VEXcode V5 Text.app/Contents/Resources/sdk/vexv5/libv5rt.a(v5_apijump.c.obj)
                0x0000000003802330                vexDisplayRectClear
 .text.vexDisplayPrintf
                0x000000000380237c       0x68 /Applications/VEXcode V5 Text.app/Contents/Resources/sdk/vexv5/libv5rt.a(v5_apijump.c.obj)
                0x000000000380237c                vexDisplayPrintf
 .text.vexDisplayTextReference
                0x00000000038023e4       0x24 /Applications/VEXcode V5 Text.app/Contents/Resources/sdk/vexv5/libv5rt.a(v5_apijump.c.obj)
                0x00000000038023e4                vexDisplayTextReference
 .text.vexDisplayTextSize
                0x0000000003802408       0x2c /Applications/VEXcode V5 Text.app/Contents/Resources/sdk/vexv5/libv5rt.a(v5_apijump.c.obj)
                0x0000000003802408                vexDisplayTextSize
 .text.vexDisplayFontNamedSet
                0x0000000003802434       0x24 /Applications/VEXcode V5 Text.app/Contents/Resources/sdk/vexv5/libv5rt.a(v5_apijump.c.obj)
                0x0000000003802434                vexDisplayFontNamedSet
 .text.vexDisplayStringWidthGet
                0x0000000003802458       0x24 /Applications/VEXcode V5 Text.app/Contents/Resources/sdk/vexv5/libv5rt.a(v5_apijump.c.obj)
                0x0000000003802458                vexDisplayStringWidthGet
 .text.vexDisplayPenSizeGet
                0x000000000380247c       0x1c /Applications/VEXcode V5 Text.app/Contents/Resources/sdk/vexv5/libv5rt.a(v5_apijump.c.obj)
                0x000000000380247c                vexDisplayPenSizeGet
 .text.vexSystemStdlibImpureDataAddr
                0x0000000003802498       0x28 /Applications/VEXcode V5 Text.app/Contents/Resources/sdk/vexv5/libv5rt.a(v5_apijump.c.obj)
                0x0000000003802498                vexSystemStdlibImpureDataAddr
 .text.vexSystemStdlibImpureDataSize
                0x00000000038024c0       0x28 /Applications/VEXcode V5 Text.app/Contents/Resources/sdk/vexv5/libv5rt.a(v5_apijump.c.obj)
                0x00000000038024c0                vexSystemStdlibImpureDataSize
 .text.vexSystemSaveUserData
                0x00000000038024e8       0x3c /Applications/VEXcode V5 Text.app/Contents/Resources/sdk/vexv5/libv5rt.a(v5_apijump.c.obj)
                0x00000000038024e8                vexSystemSaveUserData
 .text.vexTouchDataGet
                0x0000000003802524       0x10 /Applications/VEXcode V5 Text.app/Contents/Resources/sdk/vexv5/libv5rt.a(v5_apijump.c.obj)
                0x0000000003802524                vexTouchDataGet
 .text.vexImageBmpRead
                0x0000000003802534       0x3c /Applications/VEXcode V5 Text.app/Contents/Resources/sdk/vexv5/libv5rt.a(v5_apijump.c.obj)
                0x0000000003802534                vexImageBmpRead
 .text.vexImagePngRead
                0x0000000003802570       0x44 /Applications/VEXcode V5 Text.app/Contents/Resources/sdk/vexv5/libv5rt.a(v5_apijump.c.obj)
                0x0000000003802570                vexImagePngRead
 .text.vexDisplayThemeIdGet
                0x00000000038025b4       0x38 /Applications/VEXcode V5 Text.app/Contents/Resources/sdk/vexv5/libv5rt.a(v5_apijump.c.obj)
                0x00000000038025b4                vexDisplayThemeIdGet
 .text.vexDisplayRender
                0x00000000038025ec       0x2c /Applications/VEXcode V5 Text.app/Contents/Resources/sdk/vexv5/libv5rt.a(v5_apijump.c.obj)
                0x00000000038025ec                vexDisplayRender
 .text.vexDeviceEventMaskSet
                0x0000000003802618       0x48 /Applications/VEXcode V5 Text.app/Contents/Resources/sdk/vexv5/libv5rt.a(v5_apijump.c.obj)
                0x0000000003802618                vexDeviceEventMaskSet
 .text.vexDeviceEventMaskGet
                0x0000000003802660       0x3c /Applications/VEXcode V5 Text.app/Contents/Resources/sdk/vexv5/libv5rt.a(v5_apijump.c.obj)
                0x0000000003802660                vexDeviceEventMaskGet
 .text.vexSystemVersion
                0x000000000380269c       0x10 /Applications/VEXcode V5 Text.app/Contents/Resources/sdk/vexv5/libv5rt.a(v5_apiversions.c.obj)
                0x000000000380269c                vexSystemVersion
 .text.vexStdlibVersion
                0x00000000038026ac       0x10 /Applications/VEXcode V5 Text.app/Contents/Resources/sdk/vexv5/libv5rt.a(v5_apiversions.c.obj)
                0x00000000038026ac                vexStdlibVersion
 .text._ZN3vex5motor9installedEv
                0x00000000038026bc       0x18 /Applications/VEXcode V5 Text.app/Contents/Resources/sdk/vexv5/libv5rt.a(vex_motor.cpp.obj)
                0x00000000038026bc                vex::motor::installed()
 .text._ZN3vex5motorD2Ev
                0x00000000038026d4       0x20 /Applications/VEXcode V5 Text.app/Contents/Resources/sdk/vexv5/libv5rt.a(vex_motor.cpp.obj)
                0x00000000038026d4                vex::motor::~motor()
                0x00000000038026d4                vex::motor::~motor()
 .text._ZN3vex5motor15defaultStoppingENS_9brakeTypeE
                0x00000000038026f4       0x30 /Applications/VEXcode V5 Text.app/Contents/Resources/sdk/vexv5/libv5rt.a(vex_motor.cpp.obj)
                0x00000000038026f4                vex::motor::defaultStopping(vex::brakeType)
 .text._ZN3vex5motorC2El
                0x0000000003802724       0x78 /Applications/VEXcode V5 Text.app/Contents/Resources/sdk/vexv5/libv5rt.a(vex_motor.cpp.obj)
                0x0000000003802724                vex::motor::motor(long)
                0x0000000003802724                vex::motor::motor(long)
 .text._ZN3vex5motorC2ElNS_11gearSettingEb
                0x000000000380279c       0x34 /Applications/VEXcode V5 Text.app/Contents/Resources/sdk/vexv5/libv5rt.a(vex_motor.cpp.obj)
                0x000000000380279c                vex::motor::motor(long, vex::gearSetting, bool)
                0x000000000380279c                vex::motor::motor(long, vex::gearSetting, bool)
 .text._ZN3vex5motor4stopENS_9brakeTypeE
                0x00000000038027d0       0x30 /Applications/VEXcode V5 Text.app/Contents/Resources/sdk/vexv5/libv5rt.a(vex_motor.cpp.obj)
                0x00000000038027d0                vex::motor::stop(vex::brakeType)
 .text._ZN3vex5motor4stopEv
                0x0000000003802800        0x8 /Applications/VEXcode V5 Text.app/Contents/Resources/sdk/vexv5/libv5rt.a(vex_motor.cpp.obj)
                0x0000000003802800                vex::motor::stop()
 .text._ZN3vex5motor16velocityToScaledEdNS_13velocityUnitsE
                0x0000000003802808       0x5c /Applications/VEXcode V5 Text.app/Contents/Resources/sdk/vexv5/libv5rt.a(vex_motor.cpp.obj)
                0x0000000003802808                vex::motor::velocityToScaled(double, vex::velocityUnits)
 .text._ZN3vex5motor8velocityENS_13velocityUnitsE
                0x0000000003802864       0x30 /Applications/VEXcode V5 Text.app/Contents/Resources/sdk/vexv5/libv5rt.a(vex_motor.cpp.obj)
                0x0000000003802864                vex::motor::velocity(vex::velocityUnits)
 .text._ZN3vex5motor5valueEv
                0x0000000003802894       0x1c /Applications/VEXcode V5 Text.app/Contents/Resources/sdk/vexv5/libv5rt.a(vex_motor.cpp.obj)
                0x0000000003802894                vex::motor::value()
 .text._ZN3vex5motor16scaledToVelocityEdNS_13velocityUnitsE
                0x00000000038028b0       0xa4 /Applications/VEXcode V5 Text.app/Contents/Resources/sdk/vexv5/libv5rt.a(vex_motor.cpp.obj)
                0x00000000038028b0                vex::motor::scaledToVelocity(double, vex::velocityUnits)
 .text._ZN3vex5motor4spinENS_13directionTypeEdNS_13velocityUnitsE
                0x0000000003802954       0x5c /Applications/VEXcode V5 Text.app/Contents/Resources/sdk/vexv5/libv5rt.a(vex_motor.cpp.obj)
                0x0000000003802954                vex::motor::spin(vex::directionType, double, vex::velocityUnits)
 .text._ZN3vex5motor16setRotationUnitsENS_13rotationUnitsE
                0x00000000038029b0       0x1c /Applications/VEXcode V5 Text.app/Contents/Resources/sdk/vexv5/libv5rt.a(vex_motor.cpp.obj)
                0x00000000038029b0                vex::motor::setRotationUnits(vex::rotationUnits)
 .text._ZN3vex5motor11setRotationEdNS_13rotationUnitsE
                0x00000000038029cc       0x44 /Applications/VEXcode V5 Text.app/Contents/Resources/sdk/vexv5/libv5rt.a(vex_motor.cpp.obj)
                0x00000000038029cc                vex::motor::setRotation(double, vex::rotationUnits)
 .text._ZN3vex5motor13resetRotationEv
                0x0000000003802a10       0x20 /Applications/VEXcode V5 Text.app/Contents/Resources/sdk/vexv5/libv5rt.a(vex_motor.cpp.obj)
                0x0000000003802a10                vex::motor::resetRotation()
 .text._ZN3vex5motor8rotateToEdNS_13rotationUnitsEdNS_13velocityUnitsEb
                0x0000000003802a30       0xc4 /Applications/VEXcode V5 Text.app/Contents/Resources/sdk/vexv5/libv5rt.a(vex_motor.cpp.obj)
                0x0000000003802a30                vex::motor::rotateTo(double, vex::rotationUnits, double, vex::velocityUnits, bool)
 .text._ZN3vex5motor9rotateForEdNS_13rotationUnitsEdNS_13velocityUnitsEb
                0x0000000003802af4       0xe0 /Applications/VEXcode V5 Text.app/Contents/Resources/sdk/vexv5/libv5rt.a(vex_motor.cpp.obj)
                0x0000000003802af4                vex::motor::rotateFor(double, vex::rotationUnits, double, vex::velocityUnits, bool)
 .text._ZN3vex5motor9rotateForEdNS_13rotationUnitsEb
                0x0000000003802bd4       0x34 /Applications/VEXcode V5 Text.app/Contents/Resources/sdk/vexv5/libv5rt.a(vex_motor.cpp.obj)
                0x0000000003802bd4                vex::motor::rotateFor(double, vex::rotationUnits, bool)
 .text._ZN3vex5motor8rotationENS_13rotationUnitsE
                0x0000000003802c08       0x44 /Applications/VEXcode V5 Text.app/Contents/Resources/sdk/vexv5/libv5rt.a(vex_motor.cpp.obj)
                0x0000000003802c08                vex::motor::rotation(vex::rotationUnits)
 .text._ZN3vex10controllerD2Ev
                0x0000000003802c4c        0x4 /Applications/VEXcode V5 Text.app/Contents/Resources/sdk/vexv5/libv5rt.a(vex_controller.cpp.obj)
                0x0000000003802c4c                vex::controller::~controller()
                0x0000000003802c4c                vex::controller::~controller()
 .text._ZN3vex10controller5valueE19_V5_ControllerIndex
                0x0000000003802c50        0x8 /Applications/VEXcode V5 Text.app/Contents/Resources/sdk/vexv5/libv5rt.a(vex_controller.cpp.obj)
                0x0000000003802c50                vex::controller::value(_V5_ControllerIndex)
 .text._ZN3vex10controller6button8pressingEv
                0x0000000003802c58       0xc8 /Applications/VEXcode V5 Text.app/Contents/Resources/sdk/vexv5/libv5rt.a(vex_controller.cpp.obj)
                0x0000000003802c58                vex::controller::button::pressing()
 .text._ZN3vex10controller6button21_buttonToPressedEventEv
                0x0000000003802d20       0x20 /Applications/VEXcode V5 Text.app/Contents/Resources/sdk/vexv5/libv5rt.a(vex_controller.cpp.obj)
                0x0000000003802d20                vex::controller::button::_buttonToPressedEvent()
 .text._ZN3vex10controller6button22_buttonToReleasedEventEv
                0x0000000003802d40       0x20 /Applications/VEXcode V5 Text.app/Contents/Resources/sdk/vexv5/libv5rt.a(vex_controller.cpp.obj)
                0x0000000003802d40                vex::controller::button::_buttonToReleasedEvent()
 .text._ZN3vex10controller6buttonC2ENS0_11tButtonTypeEPS0_
                0x0000000003802d60       0x48 /Applications/VEXcode V5 Text.app/Contents/Resources/sdk/vexv5/libv5rt.a(vex_controller.cpp.obj)
                0x0000000003802d60                vex::controller::button::button(vex::controller::tButtonType, vex::controller*)
                0x0000000003802d60                vex::controller::button::button(vex::controller::tButtonType, vex::controller*)
 .text._ZN3vex10controller4axis5valueEv
                0x0000000003802da8       0x58 /Applications/VEXcode V5 Text.app/Contents/Resources/sdk/vexv5/libv5rt.a(vex_controller.cpp.obj)
                0x0000000003802da8                vex::controller::axis::value()
 .text._ZN3vex10controller4axis8positionENS_12percentUnitsE
                0x0000000003802e00       0x1c /Applications/VEXcode V5 Text.app/Contents/Resources/sdk/vexv5/libv5rt.a(vex_controller.cpp.obj)
                0x0000000003802e00                vex::controller::axis::position(vex::percentUnits)
 .text._ZN3vex10controller4axis23_joystickToChangedEventEv
                0x0000000003802e1c       0x20 /Applications/VEXcode V5 Text.app/Contents/Resources/sdk/vexv5/libv5rt.a(vex_controller.cpp.obj)
                0x0000000003802e1c                vex::controller::axis::_joystickToChangedEvent()
 .text._ZN3vex10controller4axisC2ENS0_9tAxisTypeEPS0_
                0x0000000003802e3c       0x2c /Applications/VEXcode V5 Text.app/Contents/Resources/sdk/vexv5/libv5rt.a(vex_controller.cpp.obj)
                0x0000000003802e3c                vex::controller::axis::axis(vex::controller::tAxisType, vex::controller*)
                0x0000000003802e3c                vex::controller::axis::axis(vex::controller::tAxisType, vex::controller*)
 .text._ZN3vex10controllerC2ENS_14controllerTypeE
                0x0000000003802e68      0x204 /Applications/VEXcode V5 Text.app/Contents/Resources/sdk/vexv5/libv5rt.a(vex_controller.cpp.obj)
                0x0000000003802e68                vex::controller::controller(vex::controllerType)
                0x0000000003802e68                vex::controller::controller(vex::controllerType)
 .text._ZN3vex4taskC2EPFivE
                0x000000000380306c       0x54 /Applications/VEXcode V5 Text.app/Contents/Resources/sdk/vexv5/libv5rt.a(vex_task.cpp.obj)
                0x000000000380306c                vex::task::task(int (*)())
                0x000000000380306c                vex::task::task(int (*)())
 .text._ZN3vex4taskD2Ev
                0x00000000038030c0        0x4 /Applications/VEXcode V5 Text.app/Contents/Resources/sdk/vexv5/libv5rt.a(vex_task.cpp.obj)
                0x00000000038030c0                vex::task::~task()
                0x00000000038030c0                vex::task::~task()
 .text._ZN3vex4task4stopEPFivE
                0x00000000038030c4        0xc /Applications/VEXcode V5 Text.app/Contents/Resources/sdk/vexv5/libv5rt.a(vex_task.cpp.obj)
                0x00000000038030c4                vex::task::stop(int (*)())
 .text._ZN3vex4task5sleepEm
                0x00000000038030d0        0x4 /Applications/VEXcode V5 Text.app/Contents/Resources/sdk/vexv5/libv5rt.a(vex_task.cpp.obj)
                0x00000000038030d0                vex::task::sleep(unsigned long)
 .text._ZN3vex4task6_indexEPFivE
                0x00000000038030d4       0x14 /Applications/VEXcode V5 Text.app/Contents/Resources/sdk/vexv5/libv5rt.a(vex_task.cpp.obj)
                0x00000000038030d4                vex::task::_index(int (*)())
 .text._ZN3vex4task8_stopAllEv
                0x00000000038030e8       0x3c /Applications/VEXcode V5 Text.app/Contents/Resources/sdk/vexv5/libv5rt.a(vex_task.cpp.obj)
                0x00000000038030e8                vex::task::_stopAll()
 .text._ZN3vex6threadC2EPFivE
                0x0000000003803124       0x54 /Applications/VEXcode V5 Text.app/Contents/Resources/sdk/vexv5/libv5rt.a(vex_thread.cpp.obj)
                0x0000000003803124                vex::thread::thread(int (*)())
                0x0000000003803124                vex::thread::thread(int (*)())
 .text._ZN3vex6threadD2Ev
                0x0000000003803178        0x4 /Applications/VEXcode V5 Text.app/Contents/Resources/sdk/vexv5/libv5rt.a(vex_thread.cpp.obj)
                0x0000000003803178                vex::thread::~thread()
                0x0000000003803178                vex::thread::~thread()
 .text._ZN3vex6thread9interruptEv
                0x000000000380317c       0x10 /Applications/VEXcode V5 Text.app/Contents/Resources/sdk/vexv5/libv5rt.a(vex_thread.cpp.obj)
                0x000000000380317c                vex::thread::interrupt()
 .text._ZN3vex11this_thread5yieldEv
                0x000000000380318c        0x4 /Applications/VEXcode V5 Text.app/Contents/Resources/sdk/vexv5/libv5rt.a(vex_thread.cpp.obj)
                0x000000000380318c                vex::this_thread::yield()
 .text._ZN3vex11this_thread9sleep_forEm
                0x0000000003803190        0x4 /Applications/VEXcode V5 Text.app/Contents/Resources/sdk/vexv5/libv5rt.a(vex_thread.cpp.obj)
                0x0000000003803190                vex::this_thread::sleep_for(unsigned long)
 .text._ZN3vex5event4initEmmPFvvE
                0x0000000003803194        0x4 /Applications/VEXcode V5 Text.app/Contents/Resources/sdk/vexv5/libv5rt.a(vex_event.cpp.obj)
                0x0000000003803194                vex::event::init(unsigned long, unsigned long, void (*)())
 .text._ZN3vex5event4initEmmPFvPvES1_
                0x0000000003803198        0x4 /Applications/VEXcode V5 Text.app/Contents/Resources/sdk/vexv5/libv5rt.a(vex_event.cpp.obj)
                0x0000000003803198                vex::event::init(unsigned long, unsigned long, void (*)(void*), void*)
 .text._ZN3vex5event9userindexEv
                0x000000000380319c        0x4 /Applications/VEXcode V5 Text.app/Contents/Resources/sdk/vexv5/libv5rt.a(vex_event.cpp.obj)
                0x000000000380319c                vex::event::userindex()
 .text._ZZN3vex6meventC4EmmENUlvE_4_FUNEv
                0x00000000038031a0        0x4 /Applications/VEXcode V5 Text.app/Contents/Resources/sdk/vexv5/libv5rt.a(vex_mevent.cpp.obj)
 .text._ZN3vex6meventC2Emm
                0x00000000038031a4       0x70 /Applications/VEXcode V5 Text.app/Contents/Resources/sdk/vexv5/libv5rt.a(vex_mevent.cpp.obj)
                0x00000000038031a4                vex::mevent::mevent(unsigned long, unsigned long)
                0x00000000038031a4                vex::mevent::mevent(unsigned long, unsigned long)
 .text._ZN3vex5brainD2Ev
                0x0000000003803214       0x20 /Applications/VEXcode V5 Text.app/Contents/Resources/sdk/vexv5/libv5rt.a(vex_brain.cpp.obj)
                0x0000000003803214                vex::brain::~brain()
                0x0000000003803214                vex::brain::~brain()
 .text._ZN3vex5brain9_getIndexEv
                0x0000000003803234       0x10 /Applications/VEXcode V5 Text.app/Contents/Resources/sdk/vexv5/libv5rt.a(vex_brain.cpp.obj)
                0x0000000003803234                vex::brain::_getIndex()
 .text._ZN3vex5brain3lcd9setCursorEll
                0x0000000003803244       0x44 /Applications/VEXcode V5 Text.app/Contents/Resources/sdk/vexv5/libv5rt.a(vex_brain.cpp.obj)
                0x0000000003803244                vex::brain::lcd::setCursor(long, long)
 .text._ZN3vex5brain3lcd7setFontENS_8fontTypeE
                0x0000000003803288      0x23c /Applications/VEXcode V5 Text.app/Contents/Resources/sdk/vexv5/libv5rt.a(vex_brain.cpp.obj)
                0x0000000003803288                vex::brain::lcd::setFont(vex::fontType)
 .text._ZN3vex5brain3lcdC2Ev
                0x00000000038034c4       0x94 /Applications/VEXcode V5 Text.app/Contents/Resources/sdk/vexv5/libv5rt.a(vex_brain.cpp.obj)
                0x00000000038034c4                vex::brain::lcd::lcd()
                0x00000000038034c4                vex::brain::lcd::lcd()
 .text._ZN3vex5brainC2Ev
                0x0000000003803558       0x38 /Applications/VEXcode V5 Text.app/Contents/Resources/sdk/vexv5/libv5rt.a(vex_brain.cpp.obj)
                0x0000000003803558                vex::brain::brain()
                0x0000000003803558                vex::brain::brain()
 .text._ZN3vex5brain3lcd11setPenColorERKNS_5colorE
                0x0000000003803590       0x14 /Applications/VEXcode V5 Text.app/Contents/Resources/sdk/vexv5/libv5rt.a(vex_brain.cpp.obj)
                0x0000000003803590                vex::brain::lcd::setPenColor(vex::color const&)
 .text._ZN3vex5brain3lcd12setFillColorERKNS_5colorE
                0x00000000038035a4       0x38 /Applications/VEXcode V5 Text.app/Contents/Resources/sdk/vexv5/libv5rt.a(vex_brain.cpp.obj)
                0x00000000038035a4                vex::brain::lcd::setFillColor(vex::color const&)
 .text._ZN3vex5brain3lcd7printAtEllPKcz
                0x00000000038035dc       0x6c /Applications/VEXcode V5 Text.app/Contents/Resources/sdk/vexv5/libv5rt.a(vex_brain.cpp.obj)
                0x00000000038035dc                vex::brain::lcd::printAt(long, long, char const*, ...)
 .text._ZN3vex5brain3lcd12_clearScreenEm
                0x0000000003803648       0x38 /Applications/VEXcode V5 Text.app/Contents/Resources/sdk/vexv5/libv5rt.a(vex_brain.cpp.obj)
                0x0000000003803648                vex::brain::lcd::_clearScreen(unsigned long)
 .text._ZN3vex5brain3lcd11clearScreenERKNS_5colorE
                0x0000000003803680       0x20 /Applications/VEXcode V5 Text.app/Contents/Resources/sdk/vexv5/libv5rt.a(vex_brain.cpp.obj)
                0x0000000003803680                vex::brain::lcd::clearScreen(vex::color const&)
 .text._ZN3vex5brain3lcd11clearScreenEv
                0x00000000038036a0       0x2c /Applications/VEXcode V5 Text.app/Contents/Resources/sdk/vexv5/libv5rt.a(vex_brain.cpp.obj)
                0x00000000038036a0                vex::brain::lcd::clearScreen()
 .text._ZN3vex5brain3lcd13drawRectangleEiiii
                0x00000000038036cc       0xdc /Applications/VEXcode V5 Text.app/Contents/Resources/sdk/vexv5/libv5rt.a(vex_brain.cpp.obj)
                0x00000000038036cc                vex::brain::lcd::drawRectangle(int, int, int, int)
 .text._ZN3vex5brain3lcd9xPositionEv
                0x00000000038037a8       0x24 /Applications/VEXcode V5 Text.app/Contents/Resources/sdk/vexv5/libv5rt.a(vex_brain.cpp.obj)
                0x00000000038037a8                vex::brain::lcd::xPosition()
 .text._ZN3vex5brain3lcd9yPositionEv
                0x00000000038037cc       0x24 /Applications/VEXcode V5 Text.app/Contents/Resources/sdk/vexv5/libv5rt.a(vex_brain.cpp.obj)
                0x00000000038037cc                vex::brain::lcd::yPosition()
 .text._ZN3vex5brain3lcd8pressingEv
                0x00000000038037f0       0x20 /Applications/VEXcode V5 Text.app/Contents/Resources/sdk/vexv5/libv5rt.a(vex_brain.cpp.obj)
                0x00000000038037f0                vex::brain::lcd::pressing()
 .text._ZN3vex5brain3lcd6renderEv
                0x0000000003803810        0xc /Applications/VEXcode V5 Text.app/Contents/Resources/sdk/vexv5/libv5rt.a(vex_brain.cpp.obj)
                0x0000000003803810                vex::brain::lcd::render()
 .text._ZN3vex5brain3lcd20_validateImageBufferEPh
                0x000000000380381c       0x58 /Applications/VEXcode V5 Text.app/Contents/Resources/sdk/vexv5/libv5rt.a(vex_brain.cpp.obj)
                0x000000000380381c                vex::brain::lcd::_validateImageBuffer(unsigned char*)
 .text._ZN3vex5brain3lcd19drawImageFromBufferEPhiii
                0x0000000003803874      0x10c /Applications/VEXcode V5 Text.app/Contents/Resources/sdk/vexv5/libv5rt.a(vex_brain.cpp.obj)
                0x0000000003803874                vex::brain::lcd::drawImageFromBuffer(unsigned char*, int, int, int)
 .text._ZN3vex5brain3lcd10rowToPixelEl
                0x0000000003803980       0x34 /Applications/VEXcode V5 Text.app/Contents/Resources/sdk/vexv5/libv5rt.a(vex_brain.cpp.obj)
                0x0000000003803980                vex::brain::lcd::rowToPixel(long)
 .text._ZN3vex5brain3lcd10colToPixelEl
                0x00000000038039b4       0x1c /Applications/VEXcode V5 Text.app/Contents/Resources/sdk/vexv5/libv5rt.a(vex_brain.cpp.obj)
                0x00000000038039b4                vex::brain::lcd::colToPixel(long)
 .text._ZN3vex5brain3lcd5printEPKcz
                0x00000000038039d0       0xa0 /Applications/VEXcode V5 Text.app/Contents/Resources/sdk/vexv5/libv5rt.a(vex_brain.cpp.obj)
                0x00000000038039d0                vex::brain::lcd::print(char const*, ...)
 .text._ZN3vex11competition8_disableEPv
                0x0000000003803a70       0x9c /Applications/VEXcode V5 Text.app/Contents/Resources/sdk/vexv5/libv5rt.a(vex_competition.cpp.obj)
                0x0000000003803a70                vex::competition::_disable(void*)
 .text._ZN3vex11competition11_autonomousEv
                0x0000000003803b0c       0x7c /Applications/VEXcode V5 Text.app/Contents/Resources/sdk/vexv5/libv5rt.a(vex_competition.cpp.obj)
                0x0000000003803b0c                vex::competition::_autonomous()
 .text._ZN3vex11competition14_drivercontrolEv
                0x0000000003803b88       0x7c /Applications/VEXcode V5 Text.app/Contents/Resources/sdk/vexv5/libv5rt.a(vex_competition.cpp.obj)
                0x0000000003803b88                vex::competition::_drivercontrol()
 .text._ZN3vex11competitionC2Ev
                0x0000000003803c04      0x13c /Applications/VEXcode V5 Text.app/Contents/Resources/sdk/vexv5/libv5rt.a(vex_competition.cpp.obj)
                0x0000000003803c04                vex::competition::competition()
                0x0000000003803c04                vex::competition::competition()
 .text._ZN3vex11competitionD2Ev
                0x0000000003803d40        0x4 /Applications/VEXcode V5 Text.app/Contents/Resources/sdk/vexv5/libv5rt.a(vex_competition.cpp.obj)
                0x0000000003803d40                vex::competition::~competition()
                0x0000000003803d40                vex::competition::~competition()
 .text._ZN3vex11competition10autonomousEPFvvE
                0x0000000003803d44       0x44 /Applications/VEXcode V5 Text.app/Contents/Resources/sdk/vexv5/libv5rt.a(vex_competition.cpp.obj)
                0x0000000003803d44                vex::competition::autonomous(void (*)())
 .text._ZN3vex11competition13drivercontrolEPFvvE
                0x0000000003803d88       0x44 /Applications/VEXcode V5 Text.app/Contents/Resources/sdk/vexv5/libv5rt.a(vex_competition.cpp.obj)
                0x0000000003803d88                vex::competition::drivercontrol(void (*)())
 .text._ZN3vex7triport9installedEv
                0x0000000003803dcc       0x18 /Applications/VEXcode V5 Text.app/Contents/Resources/sdk/vexv5/libv5rt.a(vex_triport.cpp.obj)
                0x0000000003803dcc                vex::triport::installed()
 .text._ZN3vex7triportD2Ev
                0x0000000003803de4       0x38 /Applications/VEXcode V5 Text.app/Contents/Resources/sdk/vexv5/libv5rt.a(vex_triport.cpp.obj)
                0x0000000003803de4                vex::triport::~triport()
                0x0000000003803de4                vex::triport::~triport()
 .text._ZN3vex7triport4portC2ElPS0_
                0x0000000003803e1c       0x90 /Applications/VEXcode V5 Text.app/Contents/Resources/sdk/vexv5/libv5rt.a(vex_triport.cpp.obj)
                0x0000000003803e1c                vex::triport::port::port(long, vex::triport*)
                0x0000000003803e1c                vex::triport::port::port(long, vex::triport*)
 .text._ZN3vex7triportC2El
                0x0000000003803eac       0xf0 /Applications/VEXcode V5 Text.app/Contents/Resources/sdk/vexv5/libv5rt.a(vex_triport.cpp.obj)
                0x0000000003803eac                vex::triport::triport(long)
                0x0000000003803eac                vex::triport::triport(long)
 .text.startup._GLOBAL__sub_I__ZN3vex7triportC2El
                0x0000000003803f9c       0x30 /Applications/VEXcode V5 Text.app/Contents/Resources/sdk/vexv5/libv5rt.a(vex_triport.cpp.obj)
 .text._ZN3vex5colorD2Ev
                0x0000000003803fcc        0x4 /Applications/VEXcode V5 Text.app/Contents/Resources/sdk/vexv5/libv5rt.a(vex_color.cpp.obj)
                0x0000000003803fcc                vex::color::~color()
                0x0000000003803fcc                vex::color::~color()
 .text._ZNK3vex5colorcvmEv
                0x0000000003803fd0        0x8 /Applications/VEXcode V5 Text.app/Contents/Resources/sdk/vexv5/libv5rt.a(vex_color.cpp.obj)
                0x0000000003803fd0                vex::color::operator unsigned long() const
 .text._ZNK3vex5color13isTransparentEv
                0x0000000003803fd8        0x8 /Applications/VEXcode V5 Text.app/Contents/Resources/sdk/vexv5/libv5rt.a(vex_color.cpp.obj)
                0x0000000003803fd8                vex::color::isTransparent() const
 .text.startup._GLOBAL__sub_I__ZN3vex5color5blackE
                0x0000000003803fe0      0x164 /Applications/VEXcode V5 Text.app/Contents/Resources/sdk/vexv5/libv5rt.a(vex_color.cpp.obj)
 .text._ZN3vex5timerD2Ev
                0x0000000003804144        0x4 /Applications/VEXcode V5 Text.app/Contents/Resources/sdk/vexv5/libv5rt.a(vex_timer.cpp.obj)
                0x0000000003804144                vex::timer::~timer()
                0x0000000003804144                vex::timer::~timer()
 .text._ZN3vex5timer5clearEv
                0x0000000003804148       0x1c /Applications/VEXcode V5 Text.app/Contents/Resources/sdk/vexv5/libv5rt.a(vex_timer.cpp.obj)
                0x0000000003804148                vex::timer::clear()
 .text._ZN3vex5timerC2Ev
                0x0000000003804164       0x14 /Applications/VEXcode V5 Text.app/Contents/Resources/sdk/vexv5/libv5rt.a(vex_timer.cpp.obj)
                0x0000000003804164                vex::timer::timer()
                0x0000000003804164                vex::timer::timer()
 .text.vexAdiPortConfigSet
                0x0000000003804178       0x28 /Applications/VEXcode V5 Text.app/Contents/Resources/sdk/vexv5/libv5rt.a(v5_apiuser.c.obj)
                0x0000000003804178                vexAdiPortConfigSet
 .text.vexMotorVelocitySet
                0x00000000038041a0       0x20 /Applications/VEXcode V5 Text.app/Contents/Resources/sdk/vexv5/libv5rt.a(v5_apiuser.c.obj)
                0x00000000038041a0                vexMotorVelocitySet
 .text.vexMotorActualVelocityGet
                0x00000000038041c0       0x24 /Applications/VEXcode V5 Text.app/Contents/Resources/sdk/vexv5/libv5rt.a(v5_apiuser.c.obj)
                0x00000000038041c0                vexMotorActualVelocityGet
 .text.vexMotorZeroPositionFlagGet
                0x00000000038041e4       0x18 /Applications/VEXcode V5 Text.app/Contents/Resources/sdk/vexv5/libv5rt.a(v5_apiuser.c.obj)
                0x00000000038041e4                vexMotorZeroPositionFlagGet
 .text.vexMotorReverseFlagSet
                0x00000000038041fc       0x20 /Applications/VEXcode V5 Text.app/Contents/Resources/sdk/vexv5/libv5rt.a(v5_apiuser.c.obj)
                0x00000000038041fc                vexMotorReverseFlagSet
 .text.vexMotorEncoderUnitsSet
                0x000000000380421c       0x20 /Applications/VEXcode V5 Text.app/Contents/Resources/sdk/vexv5/libv5rt.a(v5_apiuser.c.obj)
                0x000000000380421c                vexMotorEncoderUnitsSet
 .text.vexMotorBrakeModeSet
                0x000000000380423c       0x20 /Applications/VEXcode V5 Text.app/Contents/Resources/sdk/vexv5/libv5rt.a(v5_apiuser.c.obj)
                0x000000000380423c                vexMotorBrakeModeSet
 .text.vexMotorPositionSet
                0x000000000380425c       0x28 /Applications/VEXcode V5 Text.app/Contents/Resources/sdk/vexv5/libv5rt.a(v5_apiuser.c.obj)
                0x000000000380425c                vexMotorPositionSet
 .text.vexMotorPositionGet
                0x0000000003804284       0x24 /Applications/VEXcode V5 Text.app/Contents/Resources/sdk/vexv5/libv5rt.a(v5_apiuser.c.obj)
                0x0000000003804284                vexMotorPositionGet
 .text.vexMotorAbsoluteTargetSet
                0x00000000038042a8       0x30 /Applications/VEXcode V5 Text.app/Contents/Resources/sdk/vexv5/libv5rt.a(v5_apiuser.c.obj)
                0x00000000038042a8                vexMotorAbsoluteTargetSet
 .text.vexMotorRelativeTargetSet
                0x00000000038042d8       0x30 /Applications/VEXcode V5 Text.app/Contents/Resources/sdk/vexv5/libv5rt.a(v5_apiuser.c.obj)
                0x00000000038042d8                vexMotorRelativeTargetSet
 .text.vexMotorGearingSet
                0x0000000003804308       0x20 /Applications/VEXcode V5 Text.app/Contents/Resources/sdk/vexv5/libv5rt.a(v5_apiuser.c.obj)
                0x0000000003804308                vexMotorGearingSet
 .text.vexMotorGearingGet
                0x0000000003804328       0x18 /Applications/VEXcode V5 Text.app/Contents/Resources/sdk/vexv5/libv5rt.a(v5_apiuser.c.obj)
                0x0000000003804328                vexMotorGearingGet
 .text.vexEventMaskSet
                0x0000000003804340       0x28 /Applications/VEXcode V5 Text.app/Contents/Resources/sdk/vexv5/libv5rt.a(v5_apiuser.c.obj)
                0x0000000003804340                vexEventMaskSet
 .text.vexEventMaskGet
                0x0000000003804368       0x18 /Applications/VEXcode V5 Text.app/Contents/Resources/sdk/vexv5/libv5rt.a(v5_apiuser.c.obj)
                0x0000000003804368                vexEventMaskGet
 .text._ZN3vex6device5valueEv
                0x0000000003804380        0x8 /Applications/VEXcode V5 Text.app/Contents/Resources/sdk/vexv5/libv5rt.a(vex_device.cpp.obj)
                0x0000000003804380                vex::device::value()
 .text._ZN3vex6deviceD2Ev
                0x0000000003804388        0x4 /Applications/VEXcode V5 Text.app/Contents/Resources/sdk/vexv5/libv5rt.a(vex_device.cpp.obj)
                0x0000000003804388                vex::device::~device()
                0x0000000003804388                vex::device::~device()
 .text._ZN3vex6device4initEl
                0x000000000380438c       0x30 /Applications/VEXcode V5 Text.app/Contents/Resources/sdk/vexv5/libv5rt.a(vex_device.cpp.obj)
                0x000000000380438c                vex::device::init(long)
 .text._ZN3vex6deviceC2El
                0x00000000038043bc       0x20 /Applications/VEXcode V5 Text.app/Contents/Resources/sdk/vexv5/libv5rt.a(vex_device.cpp.obj)
                0x00000000038043bc                vex::device::device(long)
                0x00000000038043bc                vex::device::device(long)
 .text._ZN3vex6device4typeEv
                0x00000000038043dc       0x10 /Applications/VEXcode V5 Text.app/Contents/Resources/sdk/vexv5/libv5rt.a(vex_device.cpp.obj)
                0x00000000038043dc                vex::device::type()
 .text._ZN3vex6device9installedEv
                0x00000000038043ec       0x14 /Applications/VEXcode V5 Text.app/Contents/Resources/sdk/vexv5/libv5rt.a(vex_device.cpp.obj)
                0x00000000038043ec                vex::device::installed()
 .text.__libc_fini_array
                0x0000000003804400       0x30 /Applications/VEXcode V5 Text.app/Contents/Resources/sdk/vexv5/gcc/libs/libc.a(lib_a-fini.o)
                0x0000000003804400                __libc_fini_array
 .text.__libc_init_array
                0x0000000003804430       0x58 /Applications/VEXcode V5 Text.app/Contents/Resources/sdk/vexv5/gcc/libs/libc.a(lib_a-init.o)
                0x0000000003804430                __libc_init_array
 .text.rand     0x0000000003804488       0x48 /Applications/VEXcode V5 Text.app/Contents/Resources/sdk/vexv5/gcc/libs/libc.a(lib_a-rand.o)
                0x0000000003804488                rand
 .text.fmax     0x00000000038044d0       0x4c /Applications/VEXcode V5 Text.app/Contents/Resources/sdk/vexv5/gcc/libs/libm.a(lib_a-s_fmax.o)
                0x00000000038044d0                fmax
 *fill*         0x000000000380451c        0x4 
 .text.fmax.__stub
                0x0000000003804520       0x18 linker stubs
 *(.gnu.linkonce.t.*)
 *(.plt)
 *(.gnu_warning)
 *(.gcc_except_table)
 *(.glue_7)
 .glue_7        0x0000000003804538        0x0 linker stubs
 *(.glue_7t)
 .glue_7t       0x0000000003804538        0x0 linker stubs
 *(.vfp11_veneer)
 .vfp11_veneer  0x0000000003804538        0x0 linker stubs
 *(.ARM.extab)
 *(.gnu.linkonce.armextab.*)

.v4_bx          0x0000000003804538        0x0
 .v4_bx         0x0000000003804538        0x0 linker stubs

.iplt           0x0000000003804538        0x0
 .iplt          0x0000000003804538        0x0 build/src/arm.o

.init
 *(.init)

.fini
 *(.fini)

.rodata         0x0000000003804538      0x214
                0x0000000003804538                __rodata_start = .
 *(.rodata)
 *(.rodata.*)
 .rodata.str1.1
                0x0000000003804538      0x11b build/src/screen.o
                                        0x121 (size before relaxing)
 .rodata.str1.1
                0x0000000003804653       0x2e /Applications/VEXcode V5 Text.app/Contents/Resources/sdk/vexv5/libv5rt.a(v5_startup.c.obj)
 *fill*         0x0000000003804681        0x3 
 .rodata._ZN3vex3redE
                0x0000000003804684        0x4 /Applications/VEXcode V5 Text.app/Contents/Resources/sdk/vexv5/libv5rt.a(vex_global.cpp.obj)
                0x0000000003804684                vex::red
 .rodata._ZN3vex6PORT10E
                0x0000000003804688        0x4 /Applications/VEXcode V5 Text.app/Contents/Resources/sdk/vexv5/libv5rt.a(vex_global.cpp.obj)
                0x0000000003804688                vex::PORT10
 .rodata._ZN3vex11transparentE
                0x000000000380468c        0x4 /Applications/VEXcode V5 Text.app/Contents/Resources/sdk/vexv5/libv5rt.a(vex_global.cpp.obj)
                0x000000000380468c                vex::transparent
 .rodata._ZN3vex5whiteE
                0x0000000003804690        0x4 /Applications/VEXcode V5 Text.app/Contents/Resources/sdk/vexv5/libv5rt.a(vex_global.cpp.obj)
                0x0000000003804690                vex::white
 .rodata._ZN3vex4blueE
                0x0000000003804694        0x4 /Applications/VEXcode V5 Text.app/Contents/Resources/sdk/vexv5/libv5rt.a(vex_global.cpp.obj)
                0x0000000003804694                vex::blue
 .rodata._ZN3vex5PORT9E
                0x0000000003804698        0x4 /Applications/VEXcode V5 Text.app/Contents/Resources/sdk/vexv5/libv5rt.a(vex_global.cpp.obj)
                0x0000000003804698                vex::PORT9
 .rodata._ZN3vex5greenE
                0x000000000380469c        0x4 /Applications/VEXcode V5 Text.app/Contents/Resources/sdk/vexv5/libv5rt.a(vex_global.cpp.obj)
                0x000000000380469c                vex::green
 .rodata._ZN3vex6PORT15E
                0x00000000038046a0        0x4 /Applications/VEXcode V5 Text.app/Contents/Resources/sdk/vexv5/libv5rt.a(vex_global.cpp.obj)
                0x00000000038046a0                vex::PORT15
 .rodata._ZN3vex5PORT2E
                0x00000000038046a4        0x4 /Applications/VEXcode V5 Text.app/Contents/Resources/sdk/vexv5/libv5rt.a(vex_global.cpp.obj)
                0x00000000038046a4                vex::PORT2
 .rodata._ZN3vex6PORT22E
                0x00000000038046a8        0x4 /Applications/VEXcode V5 Text.app/Contents/Resources/sdk/vexv5/libv5rt.a(vex_global.cpp.obj)
                0x00000000038046a8                vex::PORT22
 .rodata._ZN3vex5PORT4E
                0x00000000038046ac        0x4 /Applications/VEXcode V5 Text.app/Contents/Resources/sdk/vexv5/libv5rt.a(vex_global.cpp.obj)
                0x00000000038046ac                vex::PORT4
 .rodata._ZN3vex6PORT19E
                0x00000000038046b0        0x4 /Applications/VEXcode V5 Text.app/Contents/Resources/sdk/vexv5/libv5rt.a(vex_global.cpp.obj)
                0x00000000038046b0                vex::PORT19
 .rodata._ZN3vex6PORT12E
                0x00000000038046b4        0x4 /Applications/VEXcode V5 Text.app/Contents/Resources/sdk/vexv5/libv5rt.a(vex_global.cpp.obj)
                0x00000000038046b4                vex::PORT12
 .rodata._ZN3vex5PORT8E
                0x00000000038046b8        0x4 /Applications/VEXcode V5 Text.app/Contents/Resources/sdk/vexv5/libv5rt.a(vex_global.cpp.obj)
                0x00000000038046b8                vex::PORT8
 *fill*         0x00000000038046bc        0x4 
 .rodata._ZTVN3vex5motorE
                0x00000000038046c0       0x10 /Applications/VEXcode V5 Text.app/Contents/Resources/sdk/vexv5/libv5rt.a(vex_motor.cpp.obj)
                0x00000000038046c0                vtable for vex::motor
 .rodata.CSWTCH.15
                0x00000000038046d0        0xb /Applications/VEXcode V5 Text.app/Contents/Resources/sdk/vexv5/libv5rt.a(vex_controller.cpp.obj)
 .rodata.CSWTCH.17
                0x00000000038046db        0xb /Applications/VEXcode V5 Text.app/Contents/Resources/sdk/vexv5/libv5rt.a(vex_controller.cpp.obj)
 .rodata.CSWTCH.23
                0x00000000038046e6        0x3 /Applications/VEXcode V5 Text.app/Contents/Resources/sdk/vexv5/libv5rt.a(vex_controller.cpp.obj)
 .rodata.str1.1
                0x00000000038046e9        0xa /Applications/VEXcode V5 Text.app/Contents/Resources/sdk/vexv5/libv5rt.a(vex_task.cpp.obj)
 .rodata.str1.1
                0x00000000038046f3        0xa /Applications/VEXcode V5 Text.app/Contents/Resources/sdk/vexv5/libv5rt.a(vex_thread.cpp.obj)
 .rodata.str1.1
                0x00000000038046fd       0x2b /Applications/VEXcode V5 Text.app/Contents/Resources/sdk/vexv5/libv5rt.a(vex_brain.cpp.obj)
 .rodata._ZTVN3vex7triportE
                0x0000000003804728       0x10 /Applications/VEXcode V5 Text.app/Contents/Resources/sdk/vexv5/libv5rt.a(vex_triport.cpp.obj)
                0x0000000003804728                vtable for vex::triport
 .rodata._ZTVN3vex6deviceE
                0x0000000003804738       0x10 /Applications/VEXcode V5 Text.app/Contents/Resources/sdk/vexv5/libv5rt.a(vex_device.cpp.obj)
                0x0000000003804738                vtable for vex::device
 .rodata.str1.4
                0x0000000003804748        0x4 /Applications/VEXcode V5 Text.app/Contents/Resources/sdk/vexv5/gcc/libs/libc.a(lib_a-impure.o)
                                          0x2 (size before relaxing)
 *(.gnu.linkonce.r.*)
                0x000000000380474c                __rodata_end = .

.rodata1        0x000000000380474c        0x0
                0x000000000380474c                __rodata1_start = .
 *(.rodata1)
 *(.rodata1.*)
                0x000000000380474c                __rodata1_end = .

.sdata2         0x000000000380474c        0x0
                0x000000000380474c                __sdata2_start = .
 *(.sdata2)
 *(.sdata2.*)
 *(.gnu.linkonce.s2.*)
                0x000000000380474c                __sdata2_end = .

.sbss2          0x000000000380474c        0x0
                0x000000000380474c                __sbss2_start = .
 *(.sbss2)
 *(.sbss2.*)
 *(.gnu.linkonce.sb2.*)
                0x000000000380474c                __sbss2_end = .

.data           0x0000000003804750    0x3bccc
                0x0000000003804750                __data_start = .
 *(.data)
 *(.data.*)
 .data.ANGLER_LIMIT
                0x0000000003804750        0x4 build/src/controller.o
                0x0000000003804750                ANGLER_LIMIT
 .data.uwu_map  0x0000000003804754     0x1d76 build/src/uwu_owo.o
                0x0000000003804754                uwu_map
 .data.owo_map  0x00000000038064ca     0x2856 build/src/uwu_owo.o
                0x00000000038064ca                owo_map
 .data.rose_map
                0x0000000003808d20    0x372bc build/src/uwu_owo.o
                0x0000000003808d20                rose_map
 .data.appRunning
                0x000000000383ffdc        0x4 /Applications/VEXcode V5 Text.app/Contents/Resources/sdk/vexv5/libv5rt.a(v5_startup.c.obj)
                0x000000000383ffdc                appRunning
 .data.__yoff   0x000000000383ffe0        0x4 /Applications/VEXcode V5 Text.app/Contents/Resources/sdk/vexv5/libv5rt.a(v5_apijump.c.obj)
 .data._ZN3vex5brakeE
                0x000000000383ffe4        0x4 /Applications/VEXcode V5 Text.app/Contents/Resources/sdk/vexv5/libv5rt.a(vex_global.cpp.obj)
                0x000000000383ffe4                vex::brake
 .data._ZN3vex24__default_motor_velocityE
                0x000000000383ffe8        0x4 /Applications/VEXcode V5 Text.app/Contents/Resources/sdk/vexv5/libv5rt.a(vex_motor.cpp.obj)
                0x000000000383ffe8                vex::__default_motor_velocity
 *fill*         0x000000000383ffec        0x4 
 .data.impure_data
                0x000000000383fff0      0x428 /Applications/VEXcode V5 Text.app/Contents/Resources/sdk/vexv5/gcc/libs/libc.a(lib_a-impure.o)
 .data._impure_ptr
                0x0000000003840418        0x4 /Applications/VEXcode V5 Text.app/Contents/Resources/sdk/vexv5/gcc/libs/libc.a(lib_a-impure.o)
                0x0000000003840418                _impure_ptr
 *(.gnu.linkonce.d.*)
 *(.jcr)
 *(.got)
 *(.got.plt)
                0x000000000384041c                __data_end = .

.igot.plt       0x000000000384041c        0x0
 .igot.plt      0x000000000384041c        0x0 build/src/arm.o

.data1          0x000000000384041c        0x0
                0x000000000384041c                __data1_start = .
 *(.data1)
 *(.data1.*)
                0x000000000384041c                __data1_end = .

.got
 *(.got)

.ctors          0x000000000384041c        0x0
                0x000000000384041c                __CTOR_LIST__ = .
                0x000000000384041c                ___CTORS_LIST___ = .
 *crtbegin.o(.ctors)
 *(EXCLUDE_FILE(*crtend.o) .ctors)
 *(SORT_BY_NAME(.ctors.*))
 *(.ctors)
                0x000000000384041c                __CTOR_END__ = .
                0x000000000384041c                ___CTORS_END___ = .

.dtors          0x000000000384041c        0x0
                0x000000000384041c                __DTOR_LIST__ = .
                0x000000000384041c                ___DTORS_LIST___ = .
 *crtbegin.o(.dtors)
 *(EXCLUDE_FILE(*crtend.o) .dtors)
 *(SORT_BY_NAME(.dtors.*))
 *(.dtors)
                0x000000000384041c                __DTOR_END__ = .
                0x000000000384041c                ___DTORS_END___ = .

.fixup          0x000000000384041c        0x0
                0x000000000384041c                __fixup_start = .
 *(.fixup)
                0x000000000384041c                __fixup_end = .

.eh_frame
 *(.eh_frame)

.eh_framehdr    0x000000000384041c        0x0
                0x000000000384041c                __eh_framehdr_start = .
 *(.eh_framehdr)
                0x000000000384041c                __eh_framehdr_end = .

.gcc_except_table
 *(.gcc_except_table)

.mmu_tbl        0x0000000003844000        0x0
                0x0000000003844000                __mmu_tbl_start = .
 *(.mmu_tbl)
                0x0000000003844000                __mmu_tbl_end = .

.ARM.exidx      0x000000000384041c        0x8
                0x000000000384041c                __exidx_start = .
 *(.ARM.exidx*)
 .ARM.exidx.text._ZN3Arm11getInstanceEv
                0x000000000384041c        0x8 build/src/arm.o
 .ARM.exidx.text._ZN3Arm9calcValueEv
                0x0000000003840424        0x0 build/src/arm.o
                                          0x8 (size before relaxing)
 .ARM.exidx.text._ZN3Arm4moveEv
                0x0000000003840424        0x0 build/src/arm.o
                                          0x8 (size before relaxing)
 .ARM.exidx.text._ZN3Arm8lowTowerEv
                0x0000000003840424        0x0 build/src/arm.o
                                          0x8 (size before relaxing)
 .ARM.exidx.text._ZN3Arm9highTowerEv
                0x0000000003840424        0x0 build/src/arm.o
                                          0x8 (size before relaxing)
 .ARM.exidx.text._ZN3Arm6toZeroEv
                0x0000000003840424        0x0 build/src/arm.o
                                          0x8 (size before relaxing)
 .ARM.exidx.text._Z13autonRedFrontv
                0x0000000003840424        0x0 build/src/autonomous.o
                                          0x8 (size before relaxing)
 .ARM.exidx.text._Z12autonRedBackv
                0x0000000003840424        0x0 build/src/autonomous.o
                                          0x8 (size before relaxing)
 .ARM.exidx.text._Z14autonBlueFrontv
                0x0000000003840424        0x0 build/src/autonomous.o
                                          0x8 (size before relaxing)
 .ARM.exidx.text._Z13autonBlueBackv
                0x0000000003840424        0x0 build/src/autonomous.o
                                          0x8 (size before relaxing)
 .ARM.exidx.text._Z5btnL1v
                0x0000000003840424        0x0 build/src/controller.o
                                          0x8 (size before relaxing)
 .ARM.exidx.text._Z5btnL2v
                0x0000000003840424        0x0 build/src/controller.o
                                          0x8 (size before relaxing)
 .ARM.exidx.text._Z5slidev
                0x0000000003840424        0x0 build/src/controller.o
                                          0x8 (size before relaxing)
 .ARM.exidx.text._Z8joyStickv
                0x0000000003840424        0x0 build/src/controller.o
                                          0x8 (size before relaxing)
 .ARM.exidx.text._Z5btnUpv
                0x0000000003840424        0x0 build/src/controller.o
                                          0x8 (size before relaxing)
 .ARM.exidx.text._Z5btnRtv
                0x0000000003840424        0x0 build/src/controller.o
                                          0x8 (size before relaxing)
 .ARM.exidx.text._Z12startThreadsv
                0x0000000003840424        0x0 build/src/controller.o
                                          0x8 (size before relaxing)
 .ARM.exidx.text._Z11userControlv
                0x0000000003840424        0x0 build/src/controller.o
                                          0x8 (size before relaxing)
 .ARM.exidx.text._ZN10DriveTrain11getInstanceEv
                0x0000000003840424        0x0 build/src/driveTrain.o
                                          0x8 (size before relaxing)
 .ARM.exidx.text._ZN10DriveTrain13setDrivePowerEi
                0x0000000003840424        0x0 build/src/driveTrain.o
                                          0x8 (size before relaxing)
 .ARM.exidx.text._ZN10DriveTrain8turnLeftEi
                0x0000000003840424        0x0 build/src/driveTrain.o
                                          0x8 (size before relaxing)
 .ARM.exidx.text._ZN10DriveTrain9turnRightEi
                0x0000000003840424        0x0 build/src/driveTrain.o
                                          0x8 (size before relaxing)
 .ARM.exidx.text._ZN10DriveTrain4stopEv
                0x0000000003840424        0x0 build/src/driveTrain.o
                                          0x8 (size before relaxing)
 .ARM.exidx.text._ZN6Intake11getInstanceEv
                0x0000000003840424        0x0 build/src/intake.o
                                          0x8 (size before relaxing)
 .ARM.exidx.text._ZN6Intake11updateStateEv
                0x0000000003840424        0x0 build/src/intake.o
                                          0x8 (size before relaxing)
 .ARM.exidx.text._ZN6Intake7nextPosEv
                0x0000000003840424        0x0 build/src/intake.o
                                          0x8 (size before relaxing)
 .ARM.exidx.text._ZN6Intake7prevPosEv
                0x0000000003840424        0x0 build/src/intake.o
                                          0x8 (size before relaxing)
 .ARM.exidx.text._ZN6Intake6setPosEi
                0x0000000003840424        0x0 build/src/intake.o
                                          0x8 (size before relaxing)
 .ARM.exidx.text.main
                0x0000000003840424        0x0 build/src/main.o
                                          0x8 (size before relaxing)
 .ARM.exidx.text._GLOBAL__sub_I_robot_config.cpp
                0x0000000003840424        0x0 build/src/robot-config.o
                                          0x8 (size before relaxing)
 .ARM.exidx.text._ZN11SetUpScreen11displayMainEv
                0x0000000003840424        0x0 build/src/screen.o
                                          0x8 (size before relaxing)
 .ARM.exidx.text._ZN11SetUpScreen12waitForInputEi
                0x0000000003840424        0x0 build/src/screen.o
                                          0x8 (size before relaxing)
 .ARM.exidx.text._Z10autonomousv
                0x0000000003840424        0x0 build/src/screen.o
                                          0x8 (size before relaxing)
 .ARM.exidx.text._Z18displayFinalScreenv
                0x0000000003840424        0x0 build/src/screen.o
                                          0x8 (size before relaxing)
 .ARM.exidx.text._Z9pre_autonv
                0x0000000003840424        0x0 build/src/screen.o
                                          0x8 (size before relaxing)
 *(.gnu.linkonce.armexidix.*.*)
                0x0000000003840424                __exidx_end = .

.rel.dyn        0x0000000003840424        0x0
 .rel.iplt      0x0000000003840424        0x0 build/src/arm.o

.preinit_array  0x0000000003840424        0x0
                0x0000000003840424                __preinit_array_start = .
 *(SORT_BY_NAME(.preinit_array.*))
 *(.preinit_array)
                0x0000000003840424                __preinit_array_end = .

.init_array     0x0000000003840424        0xc
                0x0000000003840424                __init_array_start = .
 *(SORT_BY_NAME(.init_array.*))
 *(.init_array)
 .init_array    0x0000000003840424        0x4 build/src/robot-config.o
 .init_array    0x0000000003840428        0x4 /Applications/VEXcode V5 Text.app/Contents/Resources/sdk/vexv5/libv5rt.a(vex_triport.cpp.obj)
 .init_array    0x000000000384042c        0x4 /Applications/VEXcode V5 Text.app/Contents/Resources/sdk/vexv5/libv5rt.a(vex_color.cpp.obj)
                0x0000000003840430                __init_array_end = .

.fini_array     0x0000000003840430        0x0
                0x0000000003840430                __fini_array_start = .
 *(SORT_BY_NAME(.fini_array.*))
 *(.fini_array)
                0x0000000003840430                __fini_array_end = .

.ARM.attributes
                0x0000000003840430       0x3c
                0x0000000003840430                __ARM.attributes_start = .
 *(.ARM.attributes)
 .ARM.attributes
                0x0000000003840430       0x3a build/src/arm.o
 .ARM.attributes
                0x000000000384046a       0x3a build/src/autonomous.o
 .ARM.attributes
                0x00000000038404a4       0x3a build/src/controller.o
 .ARM.attributes
                0x00000000038404de       0x3a build/src/driveTrain.o
 .ARM.attributes
                0x0000000003840518       0x3a build/src/intake.o
 .ARM.attributes
                0x0000000003840552       0x3a build/src/main.o
 .ARM.attributes
                0x000000000384058c       0x3a build/src/robot-config.o
 .ARM.attributes
                0x00000000038405c6       0x3a build/src/screen.o
 .ARM.attributes
                0x0000000003840600       0x38 build/src/uwu_owo.o
 .ARM.attributes
                0x0000000003840638       0x35 /Applications/VEXcode V5 Text.app/Contents/Resources/sdk/vexv5/libv5rt.a(v5_startup.c.obj)
 .ARM.attributes
                0x000000000384066d       0x35 /Applications/VEXcode V5 Text.app/Contents/Resources/sdk/vexv5/libv5rt.a(v5_util.c.obj)
 .ARM.attributes
                0x00000000038406a2       0x35 /Applications/VEXcode V5 Text.app/Contents/Resources/sdk/vexv5/libv5rt.a(v5_apijump.c.obj)
 .ARM.attributes
                0x00000000038406d7       0x35 /Applications/VEXcode V5 Text.app/Contents/Resources/sdk/vexv5/libv5rt.a(v5_apiversions.c.obj)
 .ARM.attributes
                0x000000000384070c       0x35 /Applications/VEXcode V5 Text.app/Contents/Resources/sdk/vexv5/libv5rt.a(vex_global.cpp.obj)
 .ARM.attributes
                0x0000000003840741       0x35 /Applications/VEXcode V5 Text.app/Contents/Resources/sdk/vexv5/libv5rt.a(vex_motor.cpp.obj)
 .ARM.attributes
                0x0000000003840776       0x35 /Applications/VEXcode V5 Text.app/Contents/Resources/sdk/vexv5/libv5rt.a(vex_controller.cpp.obj)
 .ARM.attributes
                0x00000000038407ab       0x35 /Applications/VEXcode V5 Text.app/Contents/Resources/sdk/vexv5/libv5rt.a(vex_task.cpp.obj)
 .ARM.attributes
                0x00000000038407e0       0x35 /Applications/VEXcode V5 Text.app/Contents/Resources/sdk/vexv5/libv5rt.a(vex_thread.cpp.obj)
 .ARM.attributes
                0x0000000003840815       0x35 /Applications/VEXcode V5 Text.app/Contents/Resources/sdk/vexv5/libv5rt.a(vex_event.cpp.obj)
 .ARM.attributes
                0x000000000384084a       0x35 /Applications/VEXcode V5 Text.app/Contents/Resources/sdk/vexv5/libv5rt.a(vex_mevent.cpp.obj)
 .ARM.attributes
                0x000000000384087f       0x35 /Applications/VEXcode V5 Text.app/Contents/Resources/sdk/vexv5/libv5rt.a(vex_brain.cpp.obj)
 .ARM.attributes
                0x00000000038408b4       0x35 /Applications/VEXcode V5 Text.app/Contents/Resources/sdk/vexv5/libv5rt.a(vex_competition.cpp.obj)
 .ARM.attributes
                0x00000000038408e9       0x35 /Applications/VEXcode V5 Text.app/Contents/Resources/sdk/vexv5/libv5rt.a(vex_triport.cpp.obj)
 .ARM.attributes
                0x000000000384091e       0x35 /Applications/VEXcode V5 Text.app/Contents/Resources/sdk/vexv5/libv5rt.a(vex_color.cpp.obj)
 .ARM.attributes
                0x0000000003840953       0x35 /Applications/VEXcode V5 Text.app/Contents/Resources/sdk/vexv5/libv5rt.a(vex_timer.cpp.obj)
 .ARM.attributes
                0x0000000003840988       0x35 /Applications/VEXcode V5 Text.app/Contents/Resources/sdk/vexv5/libv5rt.a(v5_apiuser.c.obj)
 .ARM.attributes
                0x00000000038409bd       0x35 /Applications/VEXcode V5 Text.app/Contents/Resources/sdk/vexv5/libv5rt.a(vex_device.cpp.obj)
 .ARM.attributes
                0x00000000038409f2       0x2b /Applications/VEXcode V5 Text.app/Contents/Resources/sdk/vexv5/gcc/libs/libc.a(lib_a-fini.o)
 .ARM.attributes
                0x0000000003840a1d       0x2b /Applications/VEXcode V5 Text.app/Contents/Resources/sdk/vexv5/gcc/libs/libc.a(lib_a-impure.o)
 .ARM.attributes
                0x0000000003840a48       0x2b /Applications/VEXcode V5 Text.app/Contents/Resources/sdk/vexv5/gcc/libs/libc.a(lib_a-init.o)
 .ARM.attributes
                0x0000000003840a73       0x2b /Applications/VEXcode V5 Text.app/Contents/Resources/sdk/vexv5/gcc/libs/libc.a(lib_a-rand.o)
 .ARM.attributes
                0x0000000003840a9e       0x2b /Applications/VEXcode V5 Text.app/Contents/Resources/sdk/vexv5/gcc/libs/libm.a(lib_a-s_fmax.o)
                0x0000000003840ac9                __ARM.attributes_end = .

.sdata          0x0000000003840430        0x0
                0x0000000003840430                __sdata_start = .
 *(.sdata)
 *(.sdata.*)
 *(.gnu.linkonce.s.*)
                0x0000000003840430                __sdata_end = .

.sbss           0x0000000003840430        0x0
                0x0000000003840430                __sbss_start = .
 *(.sbss)
 *(.sbss.*)
 *(.gnu.linkonce.sb.*)
                0x0000000003840430                __sbss_end = .

.tdata          0x0000000003840430        0x0
                0x0000000003840430                __tdata_start = .
 *(.tdata)
 *(.tdata.*)
 *(.gnu.linkonce.td.*)
                0x0000000003840430                __tdata_end = .

.tbss           0x0000000003840430        0x0
                0x0000000003840430                __tbss_start = .
 *(.tbss)
 *(.tbss.*)
 *(.gnu.linkonce.tb.*)
                0x0000000003840430                __tbss_end = .

.bss            0x0000000003840430      0x6a5
                0x0000000003840430                __bss_start = .
 *(.bss)
 *(.bss.*)
 .bss._ZZN3Arm11getInstanceEvE8instance
                0x0000000003840430       0x10 build/src/arm.o
 .bss._ZGVZN3Arm11getInstanceEvE8instance
                0x0000000003840440        0x1 build/src/arm.o
 .bss._ZZ5btnL1vE11lastPressed
                0x0000000003840441        0x1 build/src/controller.o
 .bss._ZGVZ5btnL1vE11lastPressed
                0x0000000003840442        0x1 build/src/controller.o
 .bss._ZZ5btnL2vE11lastPressed
                0x0000000003840443        0x1 build/src/controller.o
 .bss._ZGVZ5btnL2vE11lastPressed
                0x0000000003840444        0x1 build/src/controller.o
 .bss._ZZ5btnUpvE11lastPressed
                0x0000000003840445        0x1 build/src/controller.o
 .bss._ZGVZ5btnUpvE11lastPressed
                0x0000000003840446        0x1 build/src/controller.o
 .bss._ZZ5btnRtvE11lastPressed
                0x0000000003840447        0x1 build/src/controller.o
 .bss._ZGVZ5btnRtvE11lastPressed
                0x0000000003840448        0x1 build/src/controller.o
 *fill*         0x0000000003840449        0x3 
 .bss._ZZN10DriveTrain11getInstanceEvE8instance
                0x000000000384044c        0x4 build/src/driveTrain.o
 .bss._ZGVZN10DriveTrain11getInstanceEvE8instance
                0x0000000003840450        0x1 build/src/driveTrain.o
 *fill*         0x0000000003840451        0x3 
 .bss._ZZN6Intake11getInstanceEvE8instance
                0x0000000003840454        0x4 build/src/intake.o
 .bss._ZGVZN6Intake11getInstanceEvE8instance
                0x0000000003840458        0x1 build/src/intake.o
 *fill*         0x0000000003840459        0x3 
 .bss.Brain     0x000000000384045c      0x2dc build/src/robot-config.o
                0x000000000384045c                Brain
 .bss.con       0x0000000003840738      0x1e0 build/src/robot-config.o
                0x0000000003840738                con
 .bss.BackR     0x0000000003840918       0x24 build/src/robot-config.o
                0x0000000003840918                BackR
 .bss.FrontR    0x000000000384093c       0x24 build/src/robot-config.o
                0x000000000384093c                FrontR
 .bss.BackL     0x0000000003840960       0x24 build/src/robot-config.o
                0x0000000003840960                BackL
 .bss.FrontL    0x0000000003840984       0x24 build/src/robot-config.o
                0x0000000003840984                FrontL
 .bss.intakeL   0x00000000038409a8       0x24 build/src/robot-config.o
                0x00000000038409a8                intakeL
 .bss.intakeR   0x00000000038409cc       0x24 build/src/robot-config.o
                0x00000000038409cc                intakeR
 .bss.angler    0x00000000038409f0       0x24 build/src/robot-config.o
                0x00000000038409f0                angler
 .bss.bar       0x0000000003840a14       0x24 build/src/robot-config.o
                0x0000000003840a14                bar
 .bss.Competition
                0x0000000003840a38       0x28 build/src/robot-config.o
                0x0000000003840a38                Competition
 .bss.autonMode
                0x0000000003840a60        0x1 build/src/screen.o
                0x0000000003840a60                autonMode
 *fill*         0x0000000003840a61        0x3 
 .bss.__dso_handle
                0x0000000003840a64        0x4 /Applications/VEXcode V5 Text.app/Contents/Resources/sdk/vexv5/libv5rt.a(v5_startup.c.obj)
                0x0000000003840a64                __dso_handle
 .bss._ZN3vex3pctE
                0x0000000003840a68        0x4 /Applications/VEXcode V5 Text.app/Contents/Resources/sdk/vexv5/libv5rt.a(vex_global.cpp.obj)
                0x0000000003840a68                vex::pct
 .bss._ZN3vex4task8_labelIdE
                0x0000000003840a6c        0x4 /Applications/VEXcode V5 Text.app/Contents/Resources/sdk/vexv5/libv5rt.a(vex_task.cpp.obj)
                0x0000000003840a6c                vex::task::_labelId
 .bss._ZN3vex6thread8_labelIdE
                0x0000000003840a70        0x4 /Applications/VEXcode V5 Text.app/Contents/Resources/sdk/vexv5/libv5rt.a(vex_thread.cpp.obj)
                0x0000000003840a70                vex::thread::_labelId
 .bss._ZN3vex11competition22bStopTasksBetweenModesE
                0x0000000003840a74        0x1 /Applications/VEXcode V5 Text.app/Contents/Resources/sdk/vexv5/libv5rt.a(vex_competition.cpp.obj)
                0x0000000003840a74                vex::competition::bStopTasksBetweenModes
 .bss._ZN3vex11competition25bStopAllTasksBetweenModesE
                0x0000000003840a75        0x1 /Applications/VEXcode V5 Text.app/Contents/Resources/sdk/vexv5/libv5rt.a(vex_competition.cpp.obj)
                0x0000000003840a75                vex::competition::bStopAllTasksBetweenModes
 .bss._ZN3vex11competition14_auton_pendingE
                0x0000000003840a76        0x1 /Applications/VEXcode V5 Text.app/Contents/Resources/sdk/vexv5/libv5rt.a(vex_competition.cpp.obj)
                0x0000000003840a76                vex::competition::_auton_pending
 *fill*         0x0000000003840a77        0x1 
 .bss._ZN3vex11competition20_autonomous_callbackE
                0x0000000003840a78        0x4 /Applications/VEXcode V5 Text.app/Contents/Resources/sdk/vexv5/libv5rt.a(vex_competition.cpp.obj)
                0x0000000003840a78                vex::competition::_autonomous_callback
 .bss._ZN3vex11competition23_drivercontrol_callbackE
                0x0000000003840a7c        0x4 /Applications/VEXcode V5 Text.app/Contents/Resources/sdk/vexv5/libv5rt.a(vex_competition.cpp.obj)
                0x0000000003840a7c                vex::competition::_drivercontrol_callback
 .bss._ZN3vex11competition15_driver_pendingE
                0x0000000003840a80        0x1 /Applications/VEXcode V5 Text.app/Contents/Resources/sdk/vexv5/libv5rt.a(vex_competition.cpp.obj)
                0x0000000003840a80                vex::competition::_driver_pending
 .bss._ZStL8__ioinit
                0x0000000003840a81        0x1 /Applications/VEXcode V5 Text.app/Contents/Resources/sdk/vexv5/libv5rt.a(vex_triport.cpp.obj)
 *fill*         0x0000000003840a82        0x2 
 .bss._ZN3vex5color6orangeE
                0x0000000003840a84        0x8 /Applications/VEXcode V5 Text.app/Contents/Resources/sdk/vexv5/libv5rt.a(vex_color.cpp.obj)
                0x0000000003840a84                vex::color::orange
 .bss._ZN3vex5color5blackE
                0x0000000003840a8c        0x8 /Applications/VEXcode V5 Text.app/Contents/Resources/sdk/vexv5/libv5rt.a(vex_color.cpp.obj)
                0x0000000003840a8c                vex::color::black
 .bss._ZN3vex5color6yellowE
                0x0000000003840a94        0x8 /Applications/VEXcode V5 Text.app/Contents/Resources/sdk/vexv5/libv5rt.a(vex_color.cpp.obj)
                0x0000000003840a94                vex::color::yellow
 .bss._ZN3vex5color5greenE
                0x0000000003840a9c        0x8 /Applications/VEXcode V5 Text.app/Contents/Resources/sdk/vexv5/libv5rt.a(vex_color.cpp.obj)
                0x0000000003840a9c                vex::color::green
 .bss._ZN3vex5color6purpleE
                0x0000000003840aa4        0x8 /Applications/VEXcode V5 Text.app/Contents/Resources/sdk/vexv5/libv5rt.a(vex_color.cpp.obj)
                0x0000000003840aa4                vex::color::purple
 .bss._ZN3vex5color4cyanE
                0x0000000003840aac        0x8 /Applications/VEXcode V5 Text.app/Contents/Resources/sdk/vexv5/libv5rt.a(vex_color.cpp.obj)
                0x0000000003840aac                vex::color::cyan
 .bss._ZN3vex5color4blueE
                0x0000000003840ab4        0x8 /Applications/VEXcode V5 Text.app/Contents/Resources/sdk/vexv5/libv5rt.a(vex_color.cpp.obj)
                0x0000000003840ab4                vex::color::blue
 .bss._ZN3vex5color3redE
                0x0000000003840abc        0x8 /Applications/VEXcode V5 Text.app/Contents/Resources/sdk/vexv5/libv5rt.a(vex_color.cpp.obj)
                0x0000000003840abc                vex::color::red
 .bss._ZN3vex5color11transparentE
                0x0000000003840ac4        0x8 /Applications/VEXcode V5 Text.app/Contents/Resources/sdk/vexv5/libv5rt.a(vex_color.cpp.obj)
                0x0000000003840ac4                vex::color::transparent
 .bss._ZN3vex5color5whiteE
                0x0000000003840acc        0x8 /Applications/VEXcode V5 Text.app/Contents/Resources/sdk/vexv5/libv5rt.a(vex_color.cpp.obj)
                0x0000000003840acc                vex::color::white
 *(.gnu.linkonce.b.*)
 *(COMMON)
 COMMON         0x0000000003840ad4        0x1 /Applications/VEXcode V5 Text.app/Contents/Resources/sdk/vexv5/libv5rt.a(v5_startup.c.obj)
                0x0000000003840ad4                __vex_critical_section
                0x0000000003840ad5                __bss_end = .
                0x0000000003840430                _SDA_BASE_ = (__sdata_start + ((__sbss_end - __sdata_start) / 0x2))
                0x000000000380474c                _SDA2_BASE_ = (__sdata2_start + ((__sbss2_end - __sdata2_start) / 0x2))

.heap           0x0000000003840ad5   0x10000b
                0x0000000003840ae0                . = ALIGN (0x10)
 *fill*         0x0000000003840ad5        0xb 
                0x0000000003840ae0                _heap = .
                0x0000000003840ae0                HeapBase = .
                0x0000000003840ae0                _heap_start = .
                0x0000000003940ae0                . = (. + _HEAP_SIZE)
 *fill*         0x0000000003840ae0   0x100000 
                0x0000000003940ae0                _heap_end = .
                0x0000000003940ae0                HeapLimit = .

.stack          0x0000000003940ae0     0x3800
                0x0000000003940ae0                . = ALIGN (0x10)
                0x0000000003940ae0                _stack_end = .
                0x0000000003942ae0                . = (. + _STACK_SIZE)
 *fill*         0x0000000003940ae0     0x2000 
                0x0000000003942ae0                . = ALIGN (0x10)
                0x0000000003942ae0                _stack = .
                0x0000000003942ae0                __stack = _stack
                0x0000000003942ae0                . = ALIGN (0x10)
                0x0000000003942ae0                _irq_stack_end = .
                0x0000000003942ee0                . = (. + _IRQ_STACK_SIZE)
 *fill*         0x0000000003942ae0      0x400 
                0x0000000003942ee0                . = ALIGN (0x10)
                0x0000000003942ee0                __irq_stack = .
                0x0000000003942ee0                _supervisor_stack_end = .
                0x00000000039436e0                . = (. + _SUPERVISOR_STACK_SIZE)
 *fill*         0x0000000003942ee0      0x800 
                0x00000000039436e0                . = ALIGN (0x10)
                0x00000000039436e0                __supervisor_stack = .
                0x00000000039436e0                _abort_stack_end = .
                0x0000000003943ae0                . = (. + _ABORT_STACK_SIZE)
 *fill*         0x00000000039436e0      0x400 
                0x0000000003943ae0                . = ALIGN (0x10)
                0x0000000003943ae0                __abort_stack = .
                0x0000000003943ae0                _fiq_stack_end = .
                0x0000000003943ee0                . = (. + _FIQ_STACK_SIZE)
 *fill*         0x0000000003943ae0      0x400 
                0x0000000003943ee0                . = ALIGN (0x10)
                0x0000000003943ee0                __fiq_stack = .
                0x0000000003943ee0                _undef_stack_end = .
                0x00000000039442e0                . = (. + _UNDEF_STACK_SIZE)
 *fill*         0x0000000003943ee0      0x400 
                0x00000000039442e0                . = ALIGN (0x10)
                0x00000000039442e0                __undef_stack = .
                0x00000000039442e0                _end = .
LOAD /Applications/VEXcode V5 Text.app/Contents/Resources/sdk/vexv5/stdlib_0.lib
LOAD build/src/arm.o
LOAD build/src/autonomous.o
LOAD build/src/controller.o
LOAD build/src/driveTrain.o
LOAD build/src/intake.o
LOAD build/src/main.o
LOAD build/src/robot-config.o
LOAD build/src/screen.o
LOAD build/src/uwu_owo.o
START GROUP
LOAD /Applications/VEXcode V5 Text.app/Contents/Resources/sdk/vexv5/libv5rt.a
LOAD /Applications/VEXcode V5 Text.app/Contents/Resources/sdk/vexv5/gcc/libs/libstdc++.a
LOAD /Applications/VEXcode V5 Text.app/Contents/Resources/sdk/vexv5/gcc/libs/libc.a
LOAD /Applications/VEXcode V5 Text.app/Contents/Resources/sdk/vexv5/gcc/libs/libm.a
LOAD /Applications/VEXcode V5 Text.app/Contents/Resources/sdk/vexv5/gcc/libs/libgcc.a
END GROUP
OUTPUT(build/3157A_2019.elf elf32-littlearm)

.comment        0x0000000000000000       0x9d
 .comment       0x0000000000000000       0x2d build/src/arm.o
                                         0x2e (size before relaxing)
 .comment       0x000000000000002d       0x2e build/src/autonomous.o
 .comment       0x000000000000002d       0x2e build/src/controller.o
 .comment       0x000000000000002d       0x2e build/src/driveTrain.o
 .comment       0x000000000000002d       0x2e build/src/intake.o
 .comment       0x000000000000002d       0x2e build/src/main.o
 .comment       0x000000000000002d       0x2e build/src/robot-config.o
 .comment       0x000000000000002d       0x2e build/src/screen.o
 .comment       0x000000000000002d       0x2e build/src/uwu_owo.o
 .comment       0x000000000000002d       0x70 /Applications/VEXcode V5 Text.app/Contents/Resources/sdk/vexv5/libv5rt.a(v5_startup.c.obj)
                                         0x71 (size before relaxing)
 .comment       0x000000000000009d       0x71 /Applications/VEXcode V5 Text.app/Contents/Resources/sdk/vexv5/libv5rt.a(v5_util.c.obj)
 .comment       0x000000000000009d       0x71 /Applications/VEXcode V5 Text.app/Contents/Resources/sdk/vexv5/libv5rt.a(v5_apijump.c.obj)
 .comment       0x000000000000009d       0x71 /Applications/VEXcode V5 Text.app/Contents/Resources/sdk/vexv5/libv5rt.a(v5_apiversions.c.obj)
 .comment       0x000000000000009d       0x71 /Applications/VEXcode V5 Text.app/Contents/Resources/sdk/vexv5/libv5rt.a(vex_global.cpp.obj)
 .comment       0x000000000000009d       0x71 /Applications/VEXcode V5 Text.app/Contents/Resources/sdk/vexv5/libv5rt.a(vex_motor.cpp.obj)
 .comment       0x000000000000009d       0x71 /Applications/VEXcode V5 Text.app/Contents/Resources/sdk/vexv5/libv5rt.a(vex_controller.cpp.obj)
 .comment       0x000000000000009d       0x71 /Applications/VEXcode V5 Text.app/Contents/Resources/sdk/vexv5/libv5rt.a(vex_task.cpp.obj)
 .comment       0x000000000000009d       0x71 /Applications/VEXcode V5 Text.app/Contents/Resources/sdk/vexv5/libv5rt.a(vex_thread.cpp.obj)
 .comment       0x000000000000009d       0x71 /Applications/VEXcode V5 Text.app/Contents/Resources/sdk/vexv5/libv5rt.a(vex_event.cpp.obj)
 .comment       0x000000000000009d       0x71 /Applications/VEXcode V5 Text.app/Contents/Resources/sdk/vexv5/libv5rt.a(vex_mevent.cpp.obj)
 .comment       0x000000000000009d       0x71 /Applications/VEXcode V5 Text.app/Contents/Resources/sdk/vexv5/libv5rt.a(vex_brain.cpp.obj)
 .comment       0x000000000000009d       0x71 /Applications/VEXcode V5 Text.app/Contents/Resources/sdk/vexv5/libv5rt.a(vex_competition.cpp.obj)
 .comment       0x000000000000009d       0x71 /Applications/VEXcode V5 Text.app/Contents/Resources/sdk/vexv5/libv5rt.a(vex_triport.cpp.obj)
 .comment       0x000000000000009d       0x71 /Applications/VEXcode V5 Text.app/Contents/Resources/sdk/vexv5/libv5rt.a(vex_color.cpp.obj)
 .comment       0x000000000000009d       0x71 /Applications/VEXcode V5 Text.app/Contents/Resources/sdk/vexv5/libv5rt.a(vex_timer.cpp.obj)
 .comment       0x000000000000009d       0x71 /Applications/VEXcode V5 Text.app/Contents/Resources/sdk/vexv5/libv5rt.a(v5_apiuser.c.obj)
 .comment       0x000000000000009d       0x71 /Applications/VEXcode V5 Text.app/Contents/Resources/sdk/vexv5/libv5rt.a(vex_device.cpp.obj)

.note.GNU-stack
                0x0000000000000000        0x0
 .note.GNU-stack
                0x0000000000000000        0x0 build/src/arm.o
 .note.GNU-stack
                0x0000000000000000        0x0 build/src/autonomous.o
 .note.GNU-stack
                0x0000000000000000        0x0 build/src/controller.o
 .note.GNU-stack
                0x0000000000000000        0x0 build/src/driveTrain.o
 .note.GNU-stack
                0x0000000000000000        0x0 build/src/intake.o
 .note.GNU-stack